Archive member included to satisfy reference by file (symbol)

d:/st/stm32cubeide_1.3.0/stm32cubeide/plugins/com.st.stm32cube.ide.mcu.externaltools.gnu-tools-for-stm32.7-2018-q2-update.win32_1.5.0.202011040924/tools/bin/../lib/gcc/arm-none-eabi/7.3.1/../../../../arm-none-eabi/lib/thumb/v7e-m/fpv4-sp/hard\libc_nano.a(lib_a-errno.o)
                              Core/Src/syscalls.o (__errno)
d:/st/stm32cubeide_1.3.0/stm32cubeide/plugins/com.st.stm32cube.ide.mcu.externaltools.gnu-tools-for-stm32.7-2018-q2-update.win32_1.5.0.202011040924/tools/bin/../lib/gcc/arm-none-eabi/7.3.1/../../../../arm-none-eabi/lib/thumb/v7e-m/fpv4-sp/hard\libc_nano.a(lib_a-exit.o)
                              d:/st/stm32cubeide_1.3.0/stm32cubeide/plugins/com.st.stm32cube.ide.mcu.externaltools.gnu-tools-for-stm32.7-2018-q2-update.win32_1.5.0.202011040924/tools/bin/../lib/gcc/arm-none-eabi/7.3.1/../../../../arm-none-eabi/lib/thumb/v7e-m/fpv4-sp/hard/crt0.o (exit)
d:/st/stm32cubeide_1.3.0/stm32cubeide/plugins/com.st.stm32cube.ide.mcu.externaltools.gnu-tools-for-stm32.7-2018-q2-update.win32_1.5.0.202011040924/tools/bin/../lib/gcc/arm-none-eabi/7.3.1/../../../../arm-none-eabi/lib/thumb/v7e-m/fpv4-sp/hard\libc_nano.a(lib_a-impure.o)
                              d:/st/stm32cubeide_1.3.0/stm32cubeide/plugins/com.st.stm32cube.ide.mcu.externaltools.gnu-tools-for-stm32.7-2018-q2-update.win32_1.5.0.202011040924/tools/bin/../lib/gcc/arm-none-eabi/7.3.1/../../../../arm-none-eabi/lib/thumb/v7e-m/fpv4-sp/hard\libc_nano.a(lib_a-exit.o) (_global_impure_ptr)
d:/st/stm32cubeide_1.3.0/stm32cubeide/plugins/com.st.stm32cube.ide.mcu.externaltools.gnu-tools-for-stm32.7-2018-q2-update.win32_1.5.0.202011040924/tools/bin/../lib/gcc/arm-none-eabi/7.3.1/../../../../arm-none-eabi/lib/thumb/v7e-m/fpv4-sp/hard\libc_nano.a(lib_a-init.o)
                              d:/st/stm32cubeide_1.3.0/stm32cubeide/plugins/com.st.stm32cube.ide.mcu.externaltools.gnu-tools-for-stm32.7-2018-q2-update.win32_1.5.0.202011040924/tools/bin/../lib/gcc/arm-none-eabi/7.3.1/../../../../arm-none-eabi/lib/thumb/v7e-m/fpv4-sp/hard/crt0.o (__libc_init_array)
d:/st/stm32cubeide_1.3.0/stm32cubeide/plugins/com.st.stm32cube.ide.mcu.externaltools.gnu-tools-for-stm32.7-2018-q2-update.win32_1.5.0.202011040924/tools/bin/../lib/gcc/arm-none-eabi/7.3.1/../../../../arm-none-eabi/lib/thumb/v7e-m/fpv4-sp/hard\libc_nano.a(lib_a-memcmp.o)
                              Thirt Party/SEGGER/OS/SEGGER_SYSVIEW_FreeRTOS.o (memcmp)
d:/st/stm32cubeide_1.3.0/stm32cubeide/plugins/com.st.stm32cube.ide.mcu.externaltools.gnu-tools-for-stm32.7-2018-q2-update.win32_1.5.0.202011040924/tools/bin/../lib/gcc/arm-none-eabi/7.3.1/../../../../arm-none-eabi/lib/thumb/v7e-m/fpv4-sp/hard\libc_nano.a(lib_a-memcpy-stub.o)
                              Thirt Party/FreeRTOS/org/Source/queue.o (memcpy)
d:/st/stm32cubeide_1.3.0/stm32cubeide/plugins/com.st.stm32cube.ide.mcu.externaltools.gnu-tools-for-stm32.7-2018-q2-update.win32_1.5.0.202011040924/tools/bin/../lib/gcc/arm-none-eabi/7.3.1/../../../../arm-none-eabi/lib/thumb/v7e-m/fpv4-sp/hard\libc_nano.a(lib_a-memset.o)
                              d:/st/stm32cubeide_1.3.0/stm32cubeide/plugins/com.st.stm32cube.ide.mcu.externaltools.gnu-tools-for-stm32.7-2018-q2-update.win32_1.5.0.202011040924/tools/bin/../lib/gcc/arm-none-eabi/7.3.1/../../../../arm-none-eabi/lib/thumb/v7e-m/fpv4-sp/hard/crt0.o (memset)
d:/st/stm32cubeide_1.3.0/stm32cubeide/plugins/com.st.stm32cube.ide.mcu.externaltools.gnu-tools-for-stm32.7-2018-q2-update.win32_1.5.0.202011040924/tools/bin/../lib/gcc/arm-none-eabi/7.3.1/../../../../arm-none-eabi/lib/thumb/v7e-m/fpv4-sp/hard\libc_nano.a(lib_a-sprintf.o)
                              Core/Src/main.o (sprintf)
d:/st/stm32cubeide_1.3.0/stm32cubeide/plugins/com.st.stm32cube.ide.mcu.externaltools.gnu-tools-for-stm32.7-2018-q2-update.win32_1.5.0.202011040924/tools/bin/../lib/gcc/arm-none-eabi/7.3.1/../../../../arm-none-eabi/lib/thumb/v7e-m/fpv4-sp/hard\libc_nano.a(lib_a-strlen.o)
                              Core/Src/main.o (strlen)
d:/st/stm32cubeide_1.3.0/stm32cubeide/plugins/com.st.stm32cube.ide.mcu.externaltools.gnu-tools-for-stm32.7-2018-q2-update.win32_1.5.0.202011040924/tools/bin/../lib/gcc/arm-none-eabi/7.3.1/../../../../arm-none-eabi/lib/thumb/v7e-m/fpv4-sp/hard\libc_nano.a(lib_a-nano-svfprintf.o)
                              d:/st/stm32cubeide_1.3.0/stm32cubeide/plugins/com.st.stm32cube.ide.mcu.externaltools.gnu-tools-for-stm32.7-2018-q2-update.win32_1.5.0.202011040924/tools/bin/../lib/gcc/arm-none-eabi/7.3.1/../../../../arm-none-eabi/lib/thumb/v7e-m/fpv4-sp/hard\libc_nano.a(lib_a-sprintf.o) (_svfprintf_r)
d:/st/stm32cubeide_1.3.0/stm32cubeide/plugins/com.st.stm32cube.ide.mcu.externaltools.gnu-tools-for-stm32.7-2018-q2-update.win32_1.5.0.202011040924/tools/bin/../lib/gcc/arm-none-eabi/7.3.1/../../../../arm-none-eabi/lib/thumb/v7e-m/fpv4-sp/hard\libc_nano.a(lib_a-nano-vfprintf_i.o)
[...]
Memory Configuration

Name             Origin             Length             Attributes
CCMRAM           0x0000000010000000 0x0000000000010000 xrw
RAM              0x0000000020000000 0x0000000000020000 xrw
FLASH            0x0000000008000000 0x0000000000100000 xr
*default*        0x0000000000000000 0xffffffffffffffff

Linker script and memory map

LOAD d:/st/stm32cubeide_1.3.0/stm32cubeide/plugins/com.st.stm32cube.ide.mcu.externaltools.gnu-tools-for-stm32.7-2018-q2-update.win32_1.5.0.202011040924/tools/bin/../lib/gcc/arm-none-eabi/7.3.1/thumb/v7e-m/fpv4-sp/hard/crti.o
LOAD d:/st/stm32cubeide_1.3.0/stm32cubeide/plugins/com.st.stm32cube.ide.mcu.externaltools.gnu-tools-for-stm32.7-2018-q2-update.win32_1.5.0.202011040924/tools/bin/../lib/gcc/arm-none-eabi/7.3.1/thumb/v7e-m/fpv4-sp/hard/crtbegin.o
LOAD d:/st/stm32cubeide_1.3.0/stm32cubeide/plugins/com.st.stm32cube.ide.mcu.externaltools.gnu-tools-for-stm32.7-2018-q2-update.win32_1.5.0.202011040924/tools/bin/../lib/gcc/arm-none-eabi/7.3.1/../../../../arm-none-eabi/lib/thumb/v7e-m/fpv4-sp/hard/crt0.o
LOAD Core/Src/main.o
LOAD Core/Src/syscalls.o
LOAD Core/Src/system_stm32f4xx.o
LOAD Core/Startup/startup_stm32f407vgtx.o
LOAD Drivers/StdPeriph_Driver/src/misc.o
LOAD Drivers/StdPeriph_Driver/src/stm32f4xx_adc.o
LOAD Drivers/StdPeriph_Driver/src/stm32f4xx_can.o
LOAD Drivers/StdPeriph_Driver/src/stm32f4xx_cec.o
LOAD Drivers/StdPeriph_Driver/src/stm32f4xx_crc.o
LOAD Drivers/StdPeriph_Driver/src/stm32f4xx_cryp.o
LOAD Drivers/StdPeriph_Driver/src/stm32f4xx_cryp_aes.o
LOAD Drivers/StdPeriph_Driver/src/stm32f4xx_cryp_des.o
LOAD Drivers/StdPeriph_Driver/src/stm32f4xx_cryp_tdes.o
LOAD Drivers/StdPeriph_Driver/src/stm32f4xx_dac.o
LOAD Drivers/StdPeriph_Driver/src/stm32f4xx_dbgmcu.o
LOAD Drivers/StdPeriph_Driver/src/stm32f4xx_dcmi.o
LOAD Drivers/StdPeriph_Driver/src/stm32f4xx_dfsdm.o
LOAD Drivers/StdPeriph_Driver/src/stm32f4xx_dma.o
LOAD Drivers/StdPeriph_Driver/src/stm32f4xx_dma2d.o
LOAD Drivers/StdPeriph_Driver/src/stm32f4xx_dsi.o
LOAD Drivers/StdPeriph_Driver/src/stm32f4xx_exti.o
LOAD Drivers/StdPeriph_Driver/src/stm32f4xx_flash.o
LOAD Drivers/StdPeriph_Driver/src/stm32f4xx_flash_ramfunc.o
LOAD Drivers/StdPeriph_Driver/src/stm32f4xx_fmpi2c.o
LOAD Drivers/StdPeriph_Driver/src/stm32f4xx_fsmc.o
LOAD Drivers/StdPeriph_Driver/src/stm32f4xx_gpio.o
LOAD Drivers/StdPeriph_Driver/src/stm32f4xx_hash.o
LOAD Drivers/StdPeriph_Driver/src/stm32f4xx_hash_md5.o
LOAD Drivers/StdPeriph_Driver/src/stm32f4xx_hash_sha1.o
LOAD Drivers/StdPeriph_Driver/src/stm32f4xx_i2c.o
LOAD Drivers/StdPeriph_Driver/src/stm32f4xx_iwdg.o
LOAD Drivers/StdPeriph_Driver/src/stm32f4xx_lptim.o
LOAD Drivers/StdPeriph_Driver/src/stm32f4xx_ltdc.o
LOAD Drivers/StdPeriph_Driver/src/stm32f4xx_pwr.o
LOAD Drivers/StdPeriph_Driver/src/stm32f4xx_qspi.o
LOAD Drivers/StdPeriph_Driver/src/stm32f4xx_rcc.o
LOAD Drivers/StdPeriph_Driver/src/stm32f4xx_rng.o
LOAD Drivers/StdPeriph_Driver/src/stm32f4xx_rtc.o
LOAD Drivers/StdPeriph_Driver/src/stm32f4xx_sai.o
LOAD Drivers/StdPeriph_Driver/src/stm32f4xx_sdio.o
LOAD Drivers/StdPeriph_Driver/src/stm32f4xx_spdifrx.o
LOAD Drivers/StdPeriph_Driver/src/stm32f4xx_spi.o
LOAD Drivers/StdPeriph_Driver/src/stm32f4xx_syscfg.o
LOAD Drivers/StdPeriph_Driver/src/stm32f4xx_tim.o
LOAD Drivers/StdPeriph_Driver/src/stm32f4xx_usart.o
LOAD Drivers/StdPeriph_Driver/src/stm32f4xx_wwdg.o
LOAD Thirt Party/FreeRTOS/org/Source/croutine.o
LOAD Thirt Party/FreeRTOS/org/Source/event_groups.o
LOAD Thirt Party/FreeRTOS/org/Source/list.o
LOAD Thirt Party/FreeRTOS/org/Source/queue.o
LOAD Thirt Party/FreeRTOS/org/Source/stream_buffer.o
LOAD Thirt Party/FreeRTOS/org/Source/tasks.o
LOAD Thirt Party/FreeRTOS/org/Source/timers.o
LOAD Thirt Party/FreeRTOS/org/Source/portable/GCC/ARM_CM4F/port.o
LOAD Thirt Party/FreeRTOS/org/Source/portable/MemMang/heap_4.o
LOAD Thirt Party/SEGGER/Config/SEGGER_SYSVIEW_Config_FreeRTOS.o
LOAD Thirt Party/SEGGER/OS/SEGGER_SYSVIEW_FreeRTOS.o
LOAD Thirt Party/SEGGER/SEGGER/SEGGER_RTT.o
LOAD Thirt Party/SEGGER/SEGGER/SEGGER_SYSVIEW.o
START GROUP
LOAD d:/st/stm32cubeide_1.3.0/stm32cubeide/plugins/com.st.stm32cube.ide.mcu.externaltools.gnu-tools-for-stm32.7-2018-q2-update.win32_1.5.0.202011040924/tools/bin/../lib/gcc/arm-none-eabi/7.3.1/../../../../arm-none-eabi/lib/thumb/v7e-m/fpv4-sp/hard\libc_nano.a
LOAD d:/st/stm32cubeide_1.3.0/stm32cubeide/plugins/com.st.stm32cube.ide.mcu.externaltools.gnu-tools-for-stm32.7-2018-q2-update.win32_1.5.0.202011040924/tools/bin/../lib/gcc/arm-none-eabi/7.3.1/../../../../arm-none-eabi/lib/thumb/v7e-m/fpv4-sp/hard\libm.a
END GROUP
START GROUP
LOAD d:/st/stm32cubeide_1.3.0/stm32cubeide/plugins/com.st.stm32cube.ide.mcu.externaltools.gnu-tools-for-stm32.7-2018-q2-update.win32_1.5.0.202011040924/tools/bin/../lib/gcc/arm-none-eabi/7.3.1/thumb/v7e-m/fpv4-sp/hard\libgcc.a
LOAD d:/st/stm32cubeide_1.3.0/stm32cubeide/plugins/com.st.stm32cube.ide.mcu.externaltools.gnu-tools-for-stm32.7-2018-q2-update.win32_1.5.0.202011040924/tools/bin/../lib/gcc/arm-none-eabi/7.3.1/../../../../arm-none-eabi/lib/thumb/v7e-m/fpv4-sp/hard\libc_nano.a
END GROUP
START GROUP
LOAD d:/st/stm32cubeide_1.3.0/stm32cubeide/plugins/com.st.stm32cube.ide.mcu.externaltools.gnu-tools-for-stm32.7-2018-q2-update.win32_1.5.0.202011040924/tools/bin/../lib/gcc/arm-none-eabi/7.3.1/thumb/v7e-m/fpv4-sp/hard\libgcc.a
LOAD d:/st/stm32cubeide_1.3.0/stm32cubeide/plugins/com.st.stm32cube.ide.mcu.externaltools.gnu-tools-for-stm32.7-2018-q2-update.win32_1.5.0.202011040924/tools/bin/../lib/gcc/arm-none-eabi/7.3.1/../../../../arm-none-eabi/lib/thumb/v7e-m/fpv4-sp/hard\libc_nano.a
LOAD d:/st/stm32cubeide_1.3.0/stm32cubeide/plugins/com.st.stm32cube.ide.mcu.externaltools.gnu-tools-for-stm32.7-2018-q2-update.win32_1.5.0.202011040924/tools/bin/../lib/gcc/arm-none-eabi/7.3.1/../../../../arm-none-eabi/lib/thumb/v7e-m/fpv4-sp/hard\libnosys.a
END GROUP
START GROUP
LOAD d:/st/stm32cubeide_1.3.0/stm32cubeide/plugins/com.st.stm32cube.ide.mcu.externaltools.gnu-tools-for-stm32.7-2018-q2-update.win32_1.5.0.202011040924/tools/bin/../lib/gcc/arm-none-eabi/7.3.1/thumb/v7e-m/fpv4-sp/hard\libgcc.a
LOAD d:/st/stm32cubeide_1.3.0/stm32cubeide/plugins/com.st.stm32cube.ide.mcu.externaltools.gnu-tools-for-stm32.7-2018-q2-update.win32_1.5.0.202011040924/tools/bin/../lib/gcc/arm-none-eabi/7.3.1/../../../../arm-none-eabi/lib/thumb/v7e-m/fpv4-sp/hard\libc_nano.a
LOAD d:/st/stm32cubeide_1.3.0/stm32cubeide/plugins/com.st.stm32cube.ide.mcu.externaltools.gnu-tools-for-stm32.7-2018-q2-update.win32_1.5.0.202011040924/tools/bin/../lib/gcc/arm-none-eabi/7.3.1/../../../../arm-none-eabi/lib/thumb/v7e-m/fpv4-sp/hard\libnosys.a
END GROUP
LOAD d:/st/stm32cubeide_1.3.0/stm32cubeide/plugins/com.st.stm32cube.ide.mcu.externaltools.gnu-tools-for-stm32.7-2018-q2-update.win32_1.5.0.202011040924/tools/bin/../lib/gcc/arm-none-eabi/7.3.1/thumb/v7e-m/fpv4-sp/hard/crtend.o
LOAD d:/st/stm32cubeide_1.3.0/stm32cubeide/plugins/com.st.stm32cube.ide.mcu.externaltools.gnu-tools-for-stm32.7-2018-q2-update.win32_1.5.0.202011040924/tools/bin/../lib/gcc/arm-none-eabi/7.3.1/thumb/v7e-m/fpv4-sp/hard/crtn.o
                0x0000000020020000                _estack = (ORIGIN (RAM) + LENGTH (RAM))
                0x0000000000000200                _Min_Heap_Size = 0x200
                0x0000000000000400                _Min_Stack_Size = 0x400

.isr_vector     0x0000000008000000      0x188
                0x0000000008000000                . = ALIGN (0x4)
 *(.isr_vector)
 .isr_vector    0x0000000008000000      0x188 Core/Startup/startup_stm32f407vgtx.o
                0x0000000008000000                g_pfnVectors
                0x0000000008000188                . = ALIGN (0x4)

.text           0x0000000008000190     0x4374
                0x0000000008000190                . = ALIGN (0x4)
 *(.text)
 .text          0x0000000008000190       0x40 d:/st/stm32cubeide_1.3.0/stm32cubeide/plugins/com.st.stm32cube.ide.mcu.externaltools.gnu-tools-for-stm32.7-2018-q2-update.win32_1.5.0.202011040924/tools/bin/../lib/gcc/arm-none-eabi/7.3.1/thumb/v7e-m/fpv4-sp/hard/crtbegin.o
 .text          0x00000000080001d0       0x10 d:/st/stm32cubeide_1.3.0/stm32cubeide/plugins/com.st.stm32cube.ide.mcu.externaltools.gnu-tools-for-stm32.7-2018-q2-update.win32_1.5.0.202011040924/tools/bin/../lib/gcc/arm-none-eabi/7.3.1/../../../../arm-none-eabi/lib/thumb/v7e-m/fpv4-sp/hard\libc_nano.a(lib_a-strlen.o)
                0x00000000080001d0                strlen
 .text          0x00000000080001e0       0xa0 d:/st/stm32cubeide_1.3.0/stm32cubeide/plugins/com.st.stm32cube.ide.mcu.externaltools.gnu-tools-for-stm32.7-2018-q2-update.win32_1.5.0.202011040924/tools/bin/../lib/gcc/arm-none-eabi/7.3.1/../../../../arm-none-eabi/lib/thumb/v7e-m/fpv4-sp/hard\libc_nano.a(lib_a-memchr.o)
                0x00000000080001e0                memchr
 *(.text*)
 .text.main     0x0000000008000280       0x90 Core/Src/main.o
                0x0000000008000280                main
 .text.vtask_led_handler
                0x0000000008000310       0x4c Core/Src/main.o
                0x0000000008000310                vtask_led_handler
 .text.vtask_button_handler
                0x000000000800035c       0x34 Core/Src/main.o
                0x000000000800035c                vtask_button_handler
 .text.prvSetupUart
                0x0000000008000390       0x9c Core/Src/main.o
 .text.prvSetupGPIO
                0x000000000800042c       0x68 Core/Src/main.o
                0x000000000800042c                prvSetupGPIO
 .text.prvSetupHardware
                0x0000000008000494       0x10 Core/Src/main.o
 .text.printmsg
                0x00000000080004a4       0x60 Core/Src/main.o
                0x00000000080004a4                printmsg
 .text.rtos_delay
                0x0000000008000504       0x40 Core/Src/main.o
                0x0000000008000504                rtos_delay
 .text.SystemInit
                0x0000000008000544       0x2c Core/Src/system_stm32f4xx.o
                0x0000000008000544                SystemInit
 .text.SystemCoreClockUpdate
                0x0000000008000570       0xf4 Core/Src/system_stm32f4xx.o
                0x0000000008000570                SystemCoreClockUpdate
 .text.Reset_Handler
                0x0000000008000664       0x50 Core/Startup/startup_stm32f407vgtx.o
                0x0000000008000664                Reset_Handler
 .text.Default_Handler
                0x00000000080006b4        0x2 Core/Startup/startup_stm32f407vgtx.o
                0x00000000080006b4                RTC_Alarm_IRQHandler
                0x00000000080006b4                HASH_RNG_IRQHandler
                0x00000000080006b4                EXTI2_IRQHandler
                0x00000000080006b4                TIM8_CC_IRQHandler
                0x00000000080006b4                DebugMon_Handler
                0x00000000080006b4                TIM1_CC_IRQHandler
                0x00000000080006b4                DMA2_Stream5_IRQHandler
                0x00000000080006b4                HardFault_Handler
                0x00000000080006b4                DMA1_Stream5_IRQHandler
                0x00000000080006b4                PVD_IRQHandler
                0x00000000080006b4                SDIO_IRQHandler
                0x00000000080006b4                TAMP_STAMP_IRQHandler
                0x00000000080006b4                NMI_Handler
                0x00000000080006b4                CAN2_RX1_IRQHandler
                0x00000000080006b4                EXTI3_IRQHandler
                0x00000000080006b4                TIM8_TRG_COM_TIM14_IRQHandler
                0x00000000080006b4                TIM1_UP_TIM10_IRQHandler
                0x00000000080006b4                TIM8_UP_TIM13_IRQHandler
                0x00000000080006b4                I2C3_ER_IRQHandler
                0x00000000080006b4                EXTI0_IRQHandler
                0x00000000080006b4                I2C2_EV_IRQHandler
                0x00000000080006b4                DMA1_Stream2_IRQHandler
                0x00000000080006b4                CAN1_RX0_IRQHandler
                0x00000000080006b4                FPU_IRQHandler
                0x00000000080006b4                OTG_HS_WKUP_IRQHandler
                0x00000000080006b4                UsageFault_Handler
                0x00000000080006b4                CAN2_SCE_IRQHandler
                0x00000000080006b4                DMA2_Stream2_IRQHandler
                0x00000000080006b4                SPI1_IRQHandler
                0x00000000080006b4                TIM6_DAC_IRQHandler
                0x00000000080006b4                TIM1_BRK_TIM9_IRQHandler
                0x00000000080006b4                DCMI_IRQHandler
                0x00000000080006b4                CAN2_RX0_IRQHandler
                0x00000000080006b4                DMA2_Stream3_IRQHandler
                0x00000000080006b4                USART6_IRQHandler
                0x00000000080006b4                USART3_IRQHandler
                0x00000000080006b4                CAN1_RX1_IRQHandler
                0x00000000080006b4                UART5_IRQHandler
                0x00000000080006b4                DMA2_Stream0_IRQHandler
                0x00000000080006b4                TIM4_IRQHandler
                0x00000000080006b4                I2C1_EV_IRQHandler
                0x00000000080006b4                DMA1_Stream6_IRQHandler
                0x00000000080006b4                DMA1_Stream1_IRQHandler
                0x00000000080006b4                UART4_IRQHandler
                0x00000000080006b4                TIM3_IRQHandler
                0x00000000080006b4                RCC_IRQHandler
                0x00000000080006b4                TIM8_BRK_TIM12_IRQHandler
                0x00000000080006b4                Default_Handler
                0x00000000080006b4                EXTI15_10_IRQHandler
                0x00000000080006b4                ADC_IRQHandler
                0x00000000080006b4                DMA1_Stream7_IRQHandler
                0x00000000080006b4                TIM7_IRQHandler
                0x00000000080006b4                CAN2_TX_IRQHandler
                0x00000000080006b4                TIM5_IRQHandler
                0x00000000080006b4                DMA2_Stream7_IRQHandler
                0x00000000080006b4                I2C3_EV_IRQHandler
                0x00000000080006b4                EXTI9_5_IRQHandler
                0x00000000080006b4                RTC_WKUP_IRQHandler
                0x00000000080006b4                ETH_WKUP_IRQHandler
                0x00000000080006b4                SPI2_IRQHandler
                0x00000000080006b4                OTG_HS_EP1_IN_IRQHandler
                0x00000000080006b4                MemManage_Handler
                0x00000000080006b4                DMA1_Stream0_IRQHandler
                0x00000000080006b4                CAN1_TX_IRQHandler
                0x00000000080006b4                EXTI4_IRQHandler
                0x00000000080006b4                FSMC_IRQHandler
                0x00000000080006b4                ETH_IRQHandler
                0x00000000080006b4                OTG_HS_EP1_OUT_IRQHandler
                0x00000000080006b4                WWDG_IRQHandler
                0x00000000080006b4                TIM2_IRQHandler
                0x00000000080006b4                OTG_FS_WKUP_IRQHandler
                0x00000000080006b4                TIM1_TRG_COM_TIM11_IRQHandler
                0x00000000080006b4                OTG_HS_IRQHandler
                0x00000000080006b4                EXTI1_IRQHandler
                0x00000000080006b4                USART2_IRQHandler
                0x00000000080006b4                I2C2_ER_IRQHandler
                0x00000000080006b4                DMA2_Stream1_IRQHandler
                0x00000000080006b4                CAN1_SCE_IRQHandler
                0x00000000080006b4                FLASH_IRQHandler
                0x00000000080006b4                DMA2_Stream4_IRQHandler
                0x00000000080006b4                BusFault_Handler
                0x00000000080006b4                USART1_IRQHandler
                0x00000000080006b4                OTG_FS_IRQHandler
                0x00000000080006b4                SPI3_IRQHandler
                0x00000000080006b4                DMA1_Stream4_IRQHandler
                0x00000000080006b4                I2C1_ER_IRQHandler
                0x00000000080006b4                DMA2_Stream6_IRQHandler
                0x00000000080006b4                DMA1_Stream3_IRQHandler
 .text.GPIO_Init
                0x00000000080006b6      0x11c Drivers/StdPeriph_Driver/src/stm32f4xx_gpio.o
                0x00000000080006b6                GPIO_Init
 .text.GPIO_ReadInputDataBit
                0x00000000080007d2       0x34 Drivers/StdPeriph_Driver/src/stm32f4xx_gpio.o
                0x00000000080007d2                GPIO_ReadInputDataBit
 .text.GPIO_ToggleBits
                0x0000000008000806       0x24 Drivers/StdPeriph_Driver/src/stm32f4xx_gpio.o
                0x0000000008000806                GPIO_ToggleBits
 .text.GPIO_PinAFConfig
                0x000000000800082a       0x92 Drivers/StdPeriph_Driver/src/stm32f4xx_gpio.o
                0x000000000800082a                GPIO_PinAFConfig
 .text.RCC_DeInit
                0x00000000080008bc       0x70 Drivers/StdPeriph_Driver/src/stm32f4xx_rcc.o
                0x00000000080008bc                RCC_DeInit
 .text.RCC_GetClocksFreq
                0x000000000800092c      0x150 Drivers/StdPeriph_Driver/src/stm32f4xx_rcc.o
                0x000000000800092c                RCC_GetClocksFreq
 .text.RCC_AHB1PeriphClockCmd
                0x0000000008000a7c       0x40 Drivers/StdPeriph_Driver/src/stm32f4xx_rcc.o
                0x0000000008000a7c                RCC_AHB1PeriphClockCmd
 .text.RCC_APB1PeriphClockCmd
                0x0000000008000abc       0x40 Drivers/StdPeriph_Driver/src/stm32f4xx_rcc.o
                0x0000000008000abc                RCC_APB1PeriphClockCmd
 .text.USART_Init
                0x0000000008000afc      0x174 Drivers/StdPeriph_Driver/src/stm32f4xx_usart.o
                0x0000000008000afc                USART_Init
 .text.USART_Cmd
                0x0000000008000c70       0x40 Drivers/StdPeriph_Driver/src/stm32f4xx_usart.o
                0x0000000008000c70                USART_Cmd
 .text.USART_SendData
                0x0000000008000cb0       0x24 Drivers/StdPeriph_Driver/src/stm32f4xx_usart.o
                0x0000000008000cb0                USART_SendData
 .text.USART_GetFlagStatus
                0x0000000008000cd4       0x38 Drivers/StdPeriph_Driver/src/stm32f4xx_usart.o
                0x0000000008000cd4                USART_GetFlagStatus
 .text.vListInitialise
                0x0000000008000d0c       0x40 Thirt Party/FreeRTOS/org/Source/list.o
                0x0000000008000d0c                vListInitialise
 .text.vListInitialiseItem
                0x0000000008000d4c       0x1a Thirt Party/FreeRTOS/org/Source/list.o
                0x0000000008000d4c                vListInitialiseItem
 .text.vListInsertEnd
                0x0000000008000d66       0x48 Thirt Party/FreeRTOS/org/Source/list.o
                0x0000000008000d66                vListInsertEnd
 .text.vListInsert
                0x0000000008000dae       0x72 Thirt Party/FreeRTOS/org/Source/list.o
                0x0000000008000dae                vListInsert
 .text.uxListRemove
                0x0000000008000e20       0x54 Thirt Party/FreeRTOS/org/Source/list.o
                0x0000000008000e20                uxListRemove
 .text.xTaskCreate
                0x0000000008000e74       0x82 Thirt Party/FreeRTOS/org/Source/tasks.o
                0x0000000008000e74                xTaskCreate
 .text.prvInitialiseNewTask
                0x0000000008000ef6      0x126 Thirt Party/FreeRTOS/org/Source/tasks.o
 .text.prvAddNewTaskToReadyList
                0x000000000800101c      0x118 Thirt Party/FreeRTOS/org/Source/tasks.o
 .text.vTaskStartScheduler
                0x0000000008001134       0xac Thirt Party/FreeRTOS/org/Source/tasks.o
                0x0000000008001134                vTaskStartScheduler
 .text.vTaskSuspendAll
                0x00000000080011e0       0x1c Thirt Party/FreeRTOS/org/Source/tasks.o
                0x00000000080011e0                vTaskSuspendAll
 .text.xTaskResumeAll
                0x00000000080011fc      0x140 Thirt Party/FreeRTOS/org/Source/tasks.o
                0x00000000080011fc                xTaskResumeAll
 .text.xTaskGetTickCount
                0x000000000800133c       0x20 Thirt Party/FreeRTOS/org/Source/tasks.o
                0x000000000800133c                xTaskGetTickCount
 .text.xTaskGetTickCountFromISR
                0x000000000800135c       0x24 Thirt Party/FreeRTOS/org/Source/tasks.o
                0x000000000800135c                xTaskGetTickCountFromISR
 .text.xTaskIncrementTick
                0x0000000008001380      0x178 Thirt Party/FreeRTOS/org/Source/tasks.o
                0x0000000008001380                xTaskIncrementTick
 .text.vTaskSwitchContext
                0x00000000080014f8       0xd0 Thirt Party/FreeRTOS/org/Source/tasks.o
                0x00000000080014f8                vTaskSwitchContext
 .text.prvIdleTask
                0x00000000080015c8       0x30 Thirt Party/FreeRTOS/org/Source/tasks.o
 .text.prvInitialiseTaskLists
                0x00000000080015f8       0x80 Thirt Party/FreeRTOS/org/Source/tasks.o
 .text.prvCheckTasksWaitingTermination
                0x0000000008001678       0x58 Thirt Party/FreeRTOS/org/Source/tasks.o
 .text.prvDeleteTCB
                0x00000000080016d0       0x20 Thirt Party/FreeRTOS/org/Source/tasks.o
 .text.prvResetNextTaskUnblockTime
                0x00000000080016f0       0x40 Thirt Party/FreeRTOS/org/Source/tasks.o
 .text.xTaskNotifyWait
                0x0000000008001730       0xc8 Thirt Party/FreeRTOS/org/Source/tasks.o
                0x0000000008001730                xTaskNotifyWait
 .text.xTaskGenericNotify
                0x00000000080017f8      0x188 Thirt Party/FreeRTOS/org/Source/tasks.o
                0x00000000080017f8                xTaskGenericNotify
 .text.prvAddCurrentTaskToDelayedList
                0x0000000008001980       0xf0 Thirt Party/FreeRTOS/org/Source/tasks.o
 .text.pxPortInitialiseStack
                0x0000000008001a70       0x68 Thirt Party/FreeRTOS/org/Source/portable/GCC/ARM_CM4F/port.o
                0x0000000008001a70                pxPortInitialiseStack
 .text.prvTaskExitError
                0x0000000008001ad8       0x54 Thirt Party/FreeRTOS/org/Source/portable/GCC/ARM_CM4F/port.o
 *fill*         0x0000000008001b2c        0x4 
 .text.SVC_Handler
                0x0000000008001b30       0x28 Thirt Party/FreeRTOS/org/Source/portable/GCC/ARM_CM4F/port.o
                0x0000000008001b30                SVC_Handler
 .text.prvPortStartFirstTask
                0x0000000008001b58       0x28 Thirt Party/FreeRTOS/org/Source/portable/GCC/ARM_CM4F/port.o
 .text.xPortStartScheduler
                0x0000000008001b80      0x13c Thirt Party/FreeRTOS/org/Source/portable/GCC/ARM_CM4F/port.o
                0x0000000008001b80                xPortStartScheduler
 .text.vPortEnterCritical
                0x0000000008001cbc       0x5c Thirt Party/FreeRTOS/org/Source/portable/GCC/ARM_CM4F/port.o
                0x0000000008001cbc                vPortEnterCritical
 .text.vPortExitCritical
                0x0000000008001d18       0x50 Thirt Party/FreeRTOS/org/Source/portable/GCC/ARM_CM4F/port.o
                0x0000000008001d18                vPortExitCritical
 *fill*         0x0000000008001d68        0x8 
 .text.PendSV_Handler
                0x0000000008001d70       0x68 Thirt Party/FreeRTOS/org/Source/portable/GCC/ARM_CM4F/port.o
                0x0000000008001d70                PendSV_Handler
 .text.SysTick_Handler
                0x0000000008001dd8       0x54 Thirt Party/FreeRTOS/org/Source/portable/GCC/ARM_CM4F/port.o
                0x0000000008001dd8                SysTick_Handler
 .text.vPortSetupTimerInterrupt
                0x0000000008001e2c       0x48 Thirt Party/FreeRTOS/org/Source/portable/GCC/ARM_CM4F/port.o
                0x0000000008001e2c                vPortSetupTimerInterrupt
 .text.vPortEnableVFP
                0x0000000008001e74       0x14 Thirt Party/FreeRTOS/org/Source/portable/GCC/ARM_CM4F/port.o
 .text.vPortValidateInterruptPriority
                0x0000000008001e88       0x7c Thirt Party/FreeRTOS/org/Source/portable/GCC/ARM_CM4F/port.o
                0x0000000008001e88                vPortValidateInterruptPriority
 .text.pvPortMalloc
                0x0000000008001f04      0x184 Thirt Party/FreeRTOS/org/Source/portable/MemMang/heap_4.o
                0x0000000008001f04                pvPortMalloc
 .text.vPortFree
                0x0000000008002088       0xb0 Thirt Party/FreeRTOS/org/Source/portable/MemMang/heap_4.o
                0x0000000008002088                vPortFree
 .text.prvHeapInit
                0x0000000008002138       0xc4 Thirt Party/FreeRTOS/org/Source/portable/MemMang/heap_4.o
 .text.prvInsertBlockIntoFreeList
                0x00000000080021fc       0xb4 Thirt Party/FreeRTOS/org/Source/portable/MemMang/heap_4.o
 .text._cbSendSystemDesc
                0x00000000080022b0       0x1c Thirt Party/SEGGER/Config/SEGGER_SYSVIEW_Config_FreeRTOS.o
 .text.SEGGER_SYSVIEW_Conf
                0x00000000080022cc       0x2c Thirt Party/SEGGER/Config/SEGGER_SYSVIEW_Config_FreeRTOS.o
                0x00000000080022cc                SEGGER_SYSVIEW_Conf
 .text._cbSendTaskList
                0x00000000080022f8       0x90 Thirt Party/SEGGER/OS/SEGGER_SYSVIEW_FreeRTOS.o
 .text._cbGetTime
                0x0000000008002388       0x76 Thirt Party/SEGGER/OS/SEGGER_SYSVIEW_FreeRTOS.o
 *fill*         0x00000000080023fe        0x2 
 .text.SYSVIEW_AddTask
                0x0000000008002400       0xd0 Thirt Party/SEGGER/OS/SEGGER_SYSVIEW_FreeRTOS.o
                0x0000000008002400                SYSVIEW_AddTask
 .text.SYSVIEW_SendTaskInfo
                0x00000000080024d0       0x42 Thirt Party/SEGGER/OS/SEGGER_SYSVIEW_FreeRTOS.o
                0x00000000080024d0                SYSVIEW_SendTaskInfo
 *fill*         0x0000000008002512        0x2 
 .text._DoInit  0x0000000008002514       0xa4 Thirt Party/SEGGER/SEGGER/SEGGER_RTT.o
 .text.SEGGER_RTT_ReadNoLock
                0x00000000080025b8      0x104 Thirt Party/SEGGER/SEGGER/SEGGER_RTT.o
                0x00000000080025b8                SEGGER_RTT_ReadNoLock
 .text.SEGGER_RTT_WriteSkipNoLock
                0x00000000080026bc      0x120 Thirt Party/SEGGER/SEGGER/SEGGER_RTT.o
                0x00000000080026bc                SEGGER_RTT_WriteSkipNoLock
 .text.SEGGER_RTT_ConfigUpBuffer
                0x00000000080027dc       0xd4 Thirt Party/SEGGER/SEGGER/SEGGER_RTT.o
                0x00000000080027dc                SEGGER_RTT_ConfigUpBuffer
 .text.SEGGER_RTT_ConfigDownBuffer
                0x00000000080028b0       0xd4 Thirt Party/SEGGER/SEGGER/SEGGER_RTT.o
                0x00000000080028b0                SEGGER_RTT_ConfigDownBuffer
 .text._EncodeStr
                0x0000000008002984       0x9a Thirt Party/SEGGER/SEGGER/SEGGER_SYSVIEW.o
 .text._PreparePacket
                0x0000000008002a1e       0x18 Thirt Party/SEGGER/SEGGER/SEGGER_SYSVIEW.o
 .text._HandleIncomingPacket
                0x0000000008002a36       0xb8 Thirt Party/SEGGER/SEGGER/SEGGER_SYSVIEW.o
 *fill*         0x0000000008002aee        0x2 
 .text._TrySendOverflowPacket
                0x0000000008002af0       0xe0 Thirt Party/SEGGER/SEGGER/SEGGER_SYSVIEW.o
 .text._SendPacket
                0x0000000008002bd0      0x1a8 Thirt Party/SEGGER/SEGGER/SEGGER_SYSVIEW.o
 .text.SEGGER_SYSVIEW_Init
                0x0000000008002d78       0x7c Thirt Party/SEGGER/SEGGER/SEGGER_SYSVIEW.o
                0x0000000008002d78                SEGGER_SYSVIEW_Init
 .text.SEGGER_SYSVIEW_SetRAMBase
                0x0000000008002df4       0x20 Thirt Party/SEGGER/SEGGER/SEGGER_SYSVIEW.o
                0x0000000008002df4                SEGGER_SYSVIEW_SetRAMBase
 .text.SEGGER_SYSVIEW_RecordVoid
                0x0000000008002e14       0x3c Thirt Party/SEGGER/SEGGER/SEGGER_SYSVIEW.o
                0x0000000008002e14                SEGGER_SYSVIEW_RecordVoid
 .text.SEGGER_SYSVIEW_RecordU32
                0x0000000008002e50       0x78 Thirt Party/SEGGER/SEGGER/SEGGER_SYSVIEW.o
                0x0000000008002e50                SEGGER_SYSVIEW_RecordU32
 .text.SEGGER_SYSVIEW_RecordU32x2
                0x0000000008002ec8       0xb4 Thirt Party/SEGGER/SEGGER/SEGGER_SYSVIEW.o
                0x0000000008002ec8                SEGGER_SYSVIEW_RecordU32x2
 .text.SEGGER_SYSVIEW_RecordU32x4
                0x0000000008002f7c      0x124 Thirt Party/SEGGER/SEGGER/SEGGER_SYSVIEW.o
                0x0000000008002f7c                SEGGER_SYSVIEW_RecordU32x4
 .text.SEGGER_SYSVIEW_Start
                0x00000000080030a0      0x178 Thirt Party/SEGGER/SEGGER/SEGGER_SYSVIEW.o
                0x00000000080030a0                SEGGER_SYSVIEW_Start
 .text.SEGGER_SYSVIEW_Stop
                0x0000000008003218       0x4c Thirt Party/SEGGER/SEGGER/SEGGER_SYSVIEW.o
                0x0000000008003218                SEGGER_SYSVIEW_Stop
 .text.SEGGER_SYSVIEW_GetSysDesc
                0x0000000008003264      0x134 Thirt Party/SEGGER/SEGGER/SEGGER_SYSVIEW.o
                0x0000000008003264                SEGGER_SYSVIEW_GetSysDesc
 .text.SEGGER_SYSVIEW_SendTaskInfo
                0x0000000008003398      0x1cc Thirt Party/SEGGER/SEGGER/SEGGER_SYSVIEW.o
                0x0000000008003398                SEGGER_SYSVIEW_SendTaskInfo
 .text.SEGGER_SYSVIEW_SendTaskList
                0x0000000008003564       0x28 Thirt Party/SEGGER/SEGGER/SEGGER_SYSVIEW.o
                0x0000000008003564                SEGGER_SYSVIEW_SendTaskList
 .text.SEGGER_SYSVIEW_SendSysDesc
                0x000000000800358c       0x48 Thirt Party/SEGGER/SEGGER/SEGGER_SYSVIEW.o
                0x000000000800358c                SEGGER_SYSVIEW_SendSysDesc
 .text.SEGGER_SYSVIEW_RecordSystime
                0x00000000080035d4       0x60 Thirt Party/SEGGER/SEGGER/SEGGER_SYSVIEW.o
                0x00000000080035d4                SEGGER_SYSVIEW_RecordSystime
 .text.SEGGER_SYSVIEW_RecordEnterISR
                0x0000000008003634       0x84 Thirt Party/SEGGER/SEGGER/SEGGER_SYSVIEW.o
                0x0000000008003634                SEGGER_SYSVIEW_RecordEnterISR
 .text.SEGGER_SYSVIEW_RecordExitISR
                0x00000000080036b8       0x38 Thirt Party/SEGGER/SEGGER/SEGGER_SYSVIEW.o
                0x00000000080036b8                SEGGER_SYSVIEW_RecordExitISR
 .text.SEGGER_SYSVIEW_RecordExitISRToScheduler
                0x00000000080036f0       0x38 Thirt Party/SEGGER/SEGGER/SEGGER_SYSVIEW.o
                0x00000000080036f0                SEGGER_SYSVIEW_RecordExitISRToScheduler
 .text.SEGGER_SYSVIEW_OnIdle
                0x0000000008003728       0x38 Thirt Party/SEGGER/SEGGER/SEGGER_SYSVIEW.o
                0x0000000008003728                SEGGER_SYSVIEW_OnIdle
 .text.SEGGER_SYSVIEW_OnTaskCreate
                0x0000000008003760       0x88 Thirt Party/SEGGER/SEGGER/SEGGER_SYSVIEW.o
                0x0000000008003760                SEGGER_SYSVIEW_OnTaskCreate
 .text.SEGGER_SYSVIEW_OnTaskStartExec
                0x00000000080037e8       0x88 Thirt Party/SEGGER/SEGGER/SEGGER_SYSVIEW.o
                0x00000000080037e8                SEGGER_SYSVIEW_OnTaskStartExec
 .text.SEGGER_SYSVIEW_OnTaskStartReady
                0x0000000008003870       0x88 Thirt Party/SEGGER/SEGGER/SEGGER_SYSVIEW.o
                0x0000000008003870                SEGGER_SYSVIEW_OnTaskStartReady
 .text.SEGGER_SYSVIEW_OnTaskStopReady
                0x00000000080038f8       0xc0 Thirt Party/SEGGER/SEGGER/SEGGER_SYSVIEW.o
                0x00000000080038f8                SEGGER_SYSVIEW_OnTaskStopReady
 .text.SEGGER_SYSVIEW_ShrinkId
                0x00000000080039b8       0x24 Thirt Party/SEGGER/SEGGER/SEGGER_SYSVIEW.o
                0x00000000080039b8                SEGGER_SYSVIEW_ShrinkId
 .text.SEGGER_SYSVIEW_SendModule
                0x00000000080039dc      0x100 Thirt Party/SEGGER/SEGGER/SEGGER_SYSVIEW.o
                0x00000000080039dc                SEGGER_SYSVIEW_SendModule
 .text.SEGGER_SYSVIEW_SendModuleDescription
                0x0000000008003adc       0x3c Thirt Party/SEGGER/SEGGER/SEGGER_SYSVIEW.o
                0x0000000008003adc                SEGGER_SYSVIEW_SendModuleDescription
 .text.SEGGER_SYSVIEW_SendNumModules
                0x0000000008003b18       0x7c Thirt Party/SEGGER/SEGGER/SEGGER_SYSVIEW.o
                0x0000000008003b18                SEGGER_SYSVIEW_SendNumModules
 .text.SEGGER_SYSVIEW_Warn
                0x0000000008003b94       0xb8 Thirt Party/SEGGER/SEGGER/SEGGER_SYSVIEW.o
                0x0000000008003b94                SEGGER_SYSVIEW_Warn
 .text.__libc_init_array
                0x0000000008003c4c       0x48 d:/st/stm32cubeide_1.3.0/stm32cubeide/plugins/com.st.stm32cube.ide.mcu.externaltools.gnu-tools-for-stm32.7-2018-q2-update.win32_1.5.0.202011040924/tools/bin/../lib/gcc/arm-none-eabi/7.3.1/../../../../arm-none-eabi/lib/thumb/v7e-m/fpv4-sp/hard\libc_nano.a(lib_a-init.o)
                0x0000000008003c4c                __libc_init_array
 .text.memcmp   0x0000000008003c94       0x1e d:/st/stm32cubeide_1.3.0/stm32cubeide/plugins/com.st.stm32cube.ide.mcu.externaltools.gnu-tools-for-stm32.7-2018-q2-update.win32_1.5.0.202011040924/tools/bin/../lib/gcc/arm-none-eabi/7.3.1/../../../../arm-none-eabi/lib/thumb/v7e-m/fpv4-sp/hard\libc_nano.a(lib_a-memcmp.o)
                0x0000000008003c94                memcmp
 .text.memcpy   0x0000000008003cb2       0x16 d:/st/stm32cubeide_1.3.0/stm32cubeide/plugins/com.st.stm32cube.ide.mcu.externaltools.gnu-tools-for-stm32.7-2018-q2-update.win32_1.5.0.202011040924/tools/bin/../lib/gcc/arm-none-eabi/7.3.1/../../../../arm-none-eabi/lib/thumb/v7e-m/fpv4-sp/hard\libc_nano.a(lib_a-memcpy-stub.o)
                0x0000000008003cb2                memcpy
 .text.memset   0x0000000008003cc8       0x10 d:/st/stm32cubeide_1.3.0/stm32cubeide/plugins/com.st.stm32cube.ide.mcu.externaltools.gnu-tools-for-stm32.7-2018-q2-update.win32_1.5.0.202011040924/tools/bin/../lib/gcc/arm-none-eabi/7.3.1/../../../../arm-none-eabi/lib/thumb/v7e-m/fpv4-sp/hard\libc_nano.a(lib_a-memset.o)
                0x0000000008003cc8                memset
 .text.sprintf  0x0000000008003cd8       0x40 d:/st/stm32cubeide_1.3.0/stm32cubeide/plugins/com.st.stm32cube.ide.mcu.externaltools.gnu-tools-for-stm32.7-2018-q2-update.win32_1.5.0.202011040924/tools/bin/../lib/gcc/arm-none-eabi/7.3.1/../../../../arm-none-eabi/lib/thumb/v7e-m/fpv4-sp/hard\libc_nano.a(lib_a-sprintf.o)
                0x0000000008003cd8                siprintf
                0x0000000008003cd8                sprintf
 .text.__ssputs_r
                0x0000000008003d18       0xb4 d:/st/stm32cubeide_1.3.0/stm32cubeide/plugins/com.st.stm32cube.ide.mcu.externaltools.gnu-tools-for-stm32.7-2018-q2-update.win32_1.5.0.202011040924/tools/bin/../lib/gcc/arm-none-eabi/7.3.1/../../../../arm-none-eabi/lib/thumb/v7e-m/fpv4-sp/hard\libc_nano.a(lib_a-nano-svfprintf.o)
                0x0000000008003d18                __ssputs_r
 .text._svfprintf_r
                0x0000000008003dcc      0x1f0 d:/st/stm32cubeide_1.3.0/stm32cubeide/plugins/com.st.stm32cube.ide.mcu.externaltools.gnu-tools-for-stm32.7-2018-q2-update.win32_1.5.0.202011040924/tools/bin/../lib/gcc/arm-none-eabi/7.3.1/../../../../arm-none-eabi/lib/thumb/v7e-m/fpv4-sp/hard\libc_nano.a(lib_a-nano-svfprintf.o)
                0x0000000008003dcc                _svfiprintf_r
                0x0000000008003dcc                _svfprintf_r
 .text._printf_common
                0x0000000008003fbc       0xea d:/st/stm32cubeide_1.3.0/stm32cubeide/plugins/com.st.stm32cube.ide.mcu.externaltools.gnu-tools-for-stm32.7-2018-q2-update.win32_1.5.0.202011040924/tools/bin/../lib/gcc/arm-none-eabi/7.3.1/../../../../arm-none-eabi/lib/thumb/v7e-m/fpv4-sp/hard\libc_nano.a(lib_a-nano-vfprintf_i.o)
                0x0000000008003fbc                _printf_common
 *fill*         0x00000000080040a6        0x2 
 .text._printf_i
                0x00000000080040a8      0x224 d:/st/stm32cubeide_1.3.0/stm32cubeide/plugins/com.st.stm32cube.ide.mcu.externaltools.gnu-tools-for-stm32.7-2018-q2-update.win32_1.5.0.202011040924/tools/bin/../lib/gcc/arm-none-eabi/7.3.1/../../../../arm-none-eabi/lib/thumb/v7e-m/fpv4-sp/hard\libc_nano.a(lib_a-nano-vfprintf_i.o)
                0x00000000080040a8                _printf_i
 .text.memmove  0x00000000080042cc       0x32 d:/st/stm32cubeide_1.3.0/stm32cubeide/plugins/com.st.stm32cube.ide.mcu.externaltools.gnu-tools-for-stm32.7-2018-q2-update.win32_1.5.0.202011040924/tools/bin/../lib/gcc/arm-none-eabi/7.3.1/../../../../arm-none-eabi/lib/thumb/v7e-m/fpv4-sp/hard\libc_nano.a(lib_a-memmove.o)
                0x00000000080042cc                memmove
 *fill*         0x00000000080042fe        0x2 
 .text._free_r  0x0000000008004300       0x9c d:/st/stm32cubeide_1.3.0/stm32cubeide/plugins/com.st.stm32cube.ide.mcu.externaltools.gnu-tools-for-stm32.7-2018-q2-update.win32_1.5.0.202011040924/tools/bin/../lib/gcc/arm-none-eabi/7.3.1/../../../../arm-none-eabi/lib/thumb/v7e-m/fpv4-sp/hard\libc_nano.a(lib_a-nano-freer.o)
                0x0000000008004300                _free_r
 .text._malloc_r
                0x000000000800439c       0xb4 d:/st/stm32cubeide_1.3.0/stm32cubeide/plugins/com.st.stm32cube.ide.mcu.externaltools.gnu-tools-for-stm32.7-2018-q2-update.win32_1.5.0.202011040924/tools/bin/../lib/gcc/arm-none-eabi/7.3.1/../../../../arm-none-eabi/lib/thumb/v7e-m/fpv4-sp/hard\libc_nano.a(lib_a-nano-mallocr.o)
                0x000000000800439c                _malloc_r
 .text._realloc_r
                0x0000000008004450       0x4c d:/st/stm32cubeide_1.3.0/stm32cubeide/plugins/com.st.stm32cube.ide.mcu.externaltools.gnu-tools-for-stm32.7-2018-q2-update.win32_1.5.0.202011040924/tools/bin/../lib/gcc/arm-none-eabi/7.3.1/../../../../arm-none-eabi/lib/thumb/v7e-m/fpv4-sp/hard\libc_nano.a(lib_a-nano-reallocr.o)
                0x0000000008004450                _realloc_r
 .text._sbrk_r  0x000000000800449c       0x20 d:/st/stm32cubeide_1.3.0/stm32cubeide/plugins/com.st.stm32cube.ide.mcu.externaltools.gnu-tools-for-stm32.7-2018-q2-update.win32_1.5.0.202011040924/tools/bin/../lib/gcc/arm-none-eabi/7.3.1/../../../../arm-none-eabi/lib/thumb/v7e-m/fpv4-sp/hard\libc_nano.a(lib_a-sbrkr.o)
                0x000000000800449c                _sbrk_r
 .text.__malloc_lock
                0x00000000080044bc        0x2 d:/st/stm32cubeide_1.3.0/stm32cubeide/plugins/com.st.stm32cube.ide.mcu.externaltools.gnu-tools-for-stm32.7-2018-q2-update.win32_1.5.0.202011040924/tools/bin/../lib/gcc/arm-none-eabi/7.3.1/../../../../arm-none-eabi/lib/thumb/v7e-m/fpv4-sp/hard\libc_nano.a(lib_a-mlock.o)
                0x00000000080044bc                __malloc_lock
 .text.__malloc_unlock
                0x00000000080044be        0x2 d:/st/stm32cubeide_1.3.0/stm32cubeide/plugins/com.st.stm32cube.ide.mcu.externaltools.gnu-tools-for-stm32.7-2018-q2-update.win32_1.5.0.202011040924/tools/bin/../lib/gcc/arm-none-eabi/7.3.1/../../../../arm-none-eabi/lib/thumb/v7e-m/fpv4-sp/hard\libc_nano.a(lib_a-mlock.o)
                0x00000000080044be                __malloc_unlock
 .text._malloc_usable_size_r
                0x00000000080044c0       0x10 d:/st/stm32cubeide_1.3.0/stm32cubeide/plugins/com.st.stm32cube.ide.mcu.externaltools.gnu-tools-for-stm32.7-2018-q2-update.win32_1.5.0.202011040924/tools/bin/../lib/gcc/arm-none-eabi/7.3.1/../../../../arm-none-eabi/lib/thumb/v7e-m/fpv4-sp/hard\libc_nano.a(lib_a-nano-msizer.o)
                0x00000000080044c0                _malloc_usable_size_r
 .text._sbrk    0x00000000080044d0       0x1c d:/st/stm32cubeide_1.3.0/stm32cubeide/plugins/com.st.stm32cube.ide.mcu.externaltools.gnu-tools-for-stm32.7-2018-q2-update.win32_1.5.0.202011040924/tools/bin/../lib/gcc/arm-none-eabi/7.3.1/../../../../arm-none-eabi/lib/thumb/v7e-m/fpv4-sp/hard\libnosys.a(sbrk.o)
                0x00000000080044d0                _sbrk
 *(.glue_7)
 .glue_7        0x00000000080044ec        0x0 linker stubs
 *(.glue_7t)
 .glue_7t       0x00000000080044ec        0x0 linker stubs
 *(.eh_frame)
 .eh_frame      0x00000000080044ec        0x0 d:/st/stm32cubeide_1.3.0/stm32cubeide/plugins/com.st.stm32cube.ide.mcu.externaltools.gnu-tools-for-stm32.7-2018-q2-update.win32_1.5.0.202011040924/tools/bin/../lib/gcc/arm-none-eabi/7.3.1/thumb/v7e-m/fpv4-sp/hard/crtbegin.o
 *(.init)
 .init          0x00000000080044ec        0x4 d:/st/stm32cubeide_1.3.0/stm32cubeide/plugins/com.st.stm32cube.ide.mcu.externaltools.gnu-tools-for-stm32.7-2018-q2-update.win32_1.5.0.202011040924/tools/bin/../lib/gcc/arm-none-eabi/7.3.1/thumb/v7e-m/fpv4-sp/hard/crti.o
                0x00000000080044ec                _init
 .init          0x00000000080044f0        0x8 d:/st/stm32cubeide_1.3.0/stm32cubeide/plugins/com.st.stm32cube.ide.mcu.externaltools.gnu-tools-for-stm32.7-2018-q2-update.win32_1.5.0.202011040924/tools/bin/../lib/gcc/arm-none-eabi/7.3.1/thumb/v7e-m/fpv4-sp/hard/crtn.o
 *(.fini)
 .fini          0x00000000080044f8        0x4 d:/st/stm32cubeide_1.3.0/stm32cubeide/plugins/com.st.stm32cube.ide.mcu.externaltools.gnu-tools-for-stm32.7-2018-q2-update.win32_1.5.0.202011040924/tools/bin/../lib/gcc/arm-none-eabi/7.3.1/thumb/v7e-m/fpv4-sp/hard/crti.o
                0x00000000080044f8                _fini
 .fini          0x00000000080044fc        0x8 d:/st/stm32cubeide_1.3.0/stm32cubeide/plugins/com.st.stm32cube.ide.mcu.externaltools.gnu-tools-for-stm32.7-2018-q2-update.win32_1.5.0.202011040924/tools/bin/../lib/gcc/arm-none-eabi/7.3.1/thumb/v7e-m/fpv4-sp/hard/crtn.o
                0x0000000008004504                . = ALIGN (0x4)
                0x0000000008004504                _etext = .

.vfp11_veneer   0x0000000008004504        0x0
 .vfp11_veneer  0x0000000008004504        0x0 linker stubs

.v4_bx          0x0000000008004504        0x0
 .v4_bx         0x0000000008004504        0x0 linker stubs

.iplt           0x0000000008004504        0x0
 .iplt          0x0000000008004504        0x0 d:/st/stm32cubeide_1.3.0/stm32cubeide/plugins/com.st.stm32cube.ide.mcu.externaltools.gnu-tools-for-stm32.7-2018-q2-update.win32_1.5.0.202011040924/tools/bin/../lib/gcc/arm-none-eabi/7.3.1/thumb/v7e-m/fpv4-sp/hard/crtbegin.o

.rodata         0x0000000008004504      0x1a4
                0x0000000008004504                . = ALIGN (0x4)
 *(.rodata)
 .rodata        0x0000000008004504       0x72 Core/Src/main.o
 *fill*         0x0000000008004576        0x2 
 .rodata        0x0000000008004578        0x5 Thirt Party/FreeRTOS/org/Source/tasks.o
 *fill*         0x000000000800457d        0x3 
 .rodata        0x0000000008004580       0x55 Thirt Party/SEGGER/Config/SEGGER_SYSVIEW_Config_FreeRTOS.o
 *fill*         0x00000000080045d5        0x3 
 .rodata        0x00000000080045d8       0x58 Thirt Party/SEGGER/OS/SEGGER_SYSVIEW_FreeRTOS.o
 .rodata        0x0000000008004630       0x17 Thirt Party/SEGGER/SEGGER/SEGGER_RTT.o
 *fill*         0x0000000008004647        0x1 
 .rodata        0x0000000008004648        0x8 Thirt Party/SEGGER/SEGGER/SEGGER_SYSVIEW.o
 *(.rodata*)
 .rodata.AHBPrescTable
                0x0000000008004650       0x10 Core/Src/system_stm32f4xx.o
                0x0000000008004650                AHBPrescTable
 .rodata.SYSVIEW_X_OS_TraceAPI
                0x0000000008004660        0x8 Thirt Party/SEGGER/OS/SEGGER_SYSVIEW_FreeRTOS.o
                0x0000000008004660                SYSVIEW_X_OS_TraceAPI
 .rodata._abSync
                0x0000000008004668        0xa Thirt Party/SEGGER/SEGGER/SEGGER_SYSVIEW.o
 .rodata._svfprintf_r.str1.1
                0x0000000008004672       0x11 d:/st/stm32cubeide_1.3.0/stm32cubeide/plugins/com.st.stm32cube.ide.mcu.externaltools.gnu-tools-for-stm32.7-2018-q2-update.win32_1.5.0.202011040924/tools/bin/../lib/gcc/arm-none-eabi/7.3.1/../../../../arm-none-eabi/lib/thumb/v7e-m/fpv4-sp/hard\libc_nano.a(lib_a-nano-svfprintf.o)
 .rodata._printf_i.str1.1
                0x0000000008004683       0x22 d:/st/stm32cubeide_1.3.0/stm32cubeide/plugins/com.st.stm32cube.ide.mcu.externaltools.gnu-tools-for-stm32.7-2018-q2-update.win32_1.5.0.202011040924/tools/bin/../lib/gcc/arm-none-eabi/7.3.1/../../../../arm-none-eabi/lib/thumb/v7e-m/fpv4-sp/hard\libc_nano.a(lib_a-nano-vfprintf_i.o)
                0x00000000080046a8                . = ALIGN (0x4)
 *fill*         0x00000000080046a5        0x3 

.rel.dyn        0x00000000080046a8        0x0
 .rel.iplt      0x00000000080046a8        0x0 d:/st/stm32cubeide_1.3.0/stm32cubeide/plugins/com.st.stm32cube.ide.mcu.externaltools.gnu-tools-for-stm32.7-2018-q2-update.win32_1.5.0.202011040924/tools/bin/../lib/gcc/arm-none-eabi/7.3.1/thumb/v7e-m/fpv4-sp/hard/crtbegin.o

.ARM.extab      0x00000000080046a8        0x0
                0x00000000080046a8                . = ALIGN (0x4)
 *(.ARM.extab* .gnu.linkonce.armextab.*)
                0x00000000080046a8                . = ALIGN (0x4)

.ARM            0x00000000080046a8        0x0
                0x00000000080046a8                . = ALIGN (0x4)
                0x00000000080046a8                __exidx_start = .
 *(.ARM.exidx*)
                0x00000000080046a8                __exidx_end = .
                0x00000000080046a8                . = ALIGN (0x4)

.preinit_array  0x00000000080046a8        0x0
                0x00000000080046a8                . = ALIGN (0x4)
                0x00000000080046a8                PROVIDE (__preinit_array_start = .)
 *(.preinit_array*)
                0x00000000080046a8                PROVIDE (__preinit_array_end = .)
                0x00000000080046a8                . = ALIGN (0x4)

.init_array     0x00000000080046a8        0x4
                0x00000000080046a8                . = ALIGN (0x4)
                0x00000000080046a8                PROVIDE (__init_array_start = .)
 *(SORT_BY_NAME(.init_array.*))
 *(.init_array*)
 .init_array    0x00000000080046a8        0x4 d:/st/stm32cubeide_1.3.0/stm32cubeide/plugins/com.st.stm32cube.ide.mcu.externaltools.gnu-tools-for-stm32.7-2018-q2-update.win32_1.5.0.202011040924/tools/bin/../lib/gcc/arm-none-eabi/7.3.1/thumb/v7e-m/fpv4-sp/hard/crtbegin.o
                0x00000000080046ac                PROVIDE (__init_array_end = .)
                0x00000000080046ac                . = ALIGN (0x4)

.fini_array     0x00000000080046ac        0x4
                0x00000000080046ac                . = ALIGN (0x4)
                [!provide]                        PROVIDE (__fini_array_start = .)
 *(SORT_BY_NAME(.fini_array.*))
 *(.fini_array*)
 .fini_array    0x00000000080046ac        0x4 d:/st/stm32cubeide_1.3.0/stm32cubeide/plugins/com.st.stm32cube.ide.mcu.externaltools.gnu-tools-for-stm32.7-2018-q2-update.win32_1.5.0.202011040924/tools/bin/../lib/gcc/arm-none-eabi/7.3.1/thumb/v7e-m/fpv4-sp/hard/crtbegin.o
                [!provide]                        PROVIDE (__fini_array_end = .)
                0x00000000080046b0                . = ALIGN (0x4)
                0x00000000080046b0                _sidata = LOADADDR (.data)

.data           0x0000000020000000       0x7c load address 0x00000000080046b0
                0x0000000020000000                . = ALIGN (0x4)
                0x0000000020000000                _sdata = .
 *(.data)
 *(.data*)
 .data.SystemCoreClock
                0x0000000020000000        0x4 Core/Src/system_stm32f4xx.o
                0x0000000020000000                SystemCoreClock
 .data.APBAHBPrescTable
                0x0000000020000004       0x10 Drivers/StdPeriph_Driver/src/stm32f4xx_rcc.o
 .data.uxCriticalNesting
                0x0000000020000014        0x4 Thirt Party/FreeRTOS/org/Source/portable/GCC/ARM_CM4F/port.o
 .data._impure_ptr
                0x0000000020000018        0x4 d:/st/stm32cubeide_1.3.0/stm32cubeide/plugins/com.st.stm32cube.ide.mcu.externaltools.gnu-tools-for-stm32.7-2018-q2-update.win32_1.5.0.202011040924/tools/bin/../lib/gcc/arm-none-eabi/7.3.1/../../../../arm-none-eabi/lib/thumb/v7e-m/fpv4-sp/hard\libc_nano.a(lib_a-impure.o)
                0x0000000020000018                _impure_ptr
 .data.impure_data
                0x000000002000001c       0x60 d:/st/stm32cubeide_1.3.0/stm32cubeide/plugins/com.st.stm32cube.ide.mcu.externaltools.gnu-tools-for-stm32.7-2018-q2-update.win32_1.5.0.202011040924/tools/bin/../lib/gcc/arm-none-eabi/7.3.1/../../../../arm-none-eabi/lib/thumb/v7e-m/fpv4-sp/hard\libc_nano.a(lib_a-impure.o)
 *(.RamFunc)
 *(.RamFunc*)
                0x000000002000007c                . = ALIGN (0x4)
                0x000000002000007c                _edata = .

.igot.plt       0x000000002000007c        0x0 load address 0x000000000800472c
 .igot.plt      0x000000002000007c        0x0 d:/st/stm32cubeide_1.3.0/stm32cubeide/plugins/com.st.stm32cube.ide.mcu.externaltools.gnu-tools-for-stm32.7-2018-q2-update.win32_1.5.0.202011040924/tools/bin/../lib/gcc/arm-none-eabi/7.3.1/thumb/v7e-m/fpv4-sp/hard/crtbegin.o
                0x000000002000007c                . = ALIGN (0x4)

.bss            0x000000002000007c    0x174cc load address 0x000000000800472c
                0x000000002000007c                _sbss = .
                0x000000002000007c                __bss_start__ = _sbss
 *(.bss)
 .bss           0x000000002000007c       0x1c d:/st/stm32cubeide_1.3.0/stm32cubeide/plugins/com.st.stm32cube.ide.mcu.externaltools.gnu-tools-for-stm32.7-2018-q2-update.win32_1.5.0.202011040924/tools/bin/../lib/gcc/arm-none-eabi/7.3.1/thumb/v7e-m/fpv4-sp/hard/crtbegin.o
 *(.bss*)
 .bss.xTaskHandle1
                0x0000000020000098        0x4 Core/Src/main.o
                0x0000000020000098                xTaskHandle1
 .bss.xTaskHandle2
                0x000000002000009c        0x4 Core/Src/main.o
                0x000000002000009c                xTaskHandle2
 .bss.usr_msg   0x00000000200000a0       0xfa Core/Src/main.o
                0x00000000200000a0                usr_msg
 *fill*         0x000000002000019a        0x2 
 .bss.pxCurrentTCB
                0x000000002000019c        0x4 Thirt Party/FreeRTOS/org/Source/tasks.o
                0x000000002000019c                pxCurrentTCB
 .bss.pxReadyTasksLists
                0x00000000200001a0       0x64 Thirt Party/FreeRTOS/org/Source/tasks.o
 .bss.xDelayedTaskList1
                0x0000000020000204       0x14 Thirt Party/FreeRTOS/org/Source/tasks.o
 .bss.xDelayedTaskList2
                0x0000000020000218       0x14 Thirt Party/FreeRTOS/org/Source/tasks.o
 .bss.pxDelayedTaskList
                0x000000002000022c        0x4 Thirt Party/FreeRTOS/org/Source/tasks.o
 .bss.pxOverflowDelayedTaskList
                0x0000000020000230        0x4 Thirt Party/FreeRTOS/org/Source/tasks.o
 .bss.xPendingReadyList
                0x0000000020000234       0x14 Thirt Party/FreeRTOS/org/Source/tasks.o
 .bss.xTasksWaitingTermination
                0x0000000020000248       0x14 Thirt Party/FreeRTOS/org/Source/tasks.o
 .bss.uxDeletedTasksWaitingCleanUp
                0x000000002000025c        0x4 Thirt Party/FreeRTOS/org/Source/tasks.o
 .bss.xSuspendedTaskList
                0x0000000020000260       0x14 Thirt Party/FreeRTOS/org/Source/tasks.o
 .bss.uxCurrentNumberOfTasks
                0x0000000020000274        0x4 Thirt Party/FreeRTOS/org/Source/tasks.o
 .bss.xTickCount
                0x0000000020000278        0x4 Thirt Party/FreeRTOS/org/Source/tasks.o
 .bss.uxTopReadyPriority
                0x000000002000027c        0x4 Thirt Party/FreeRTOS/org/Source/tasks.o
 .bss.xSchedulerRunning
                0x0000000020000280        0x4 Thirt Party/FreeRTOS/org/Source/tasks.o
 .bss.uxPendedTicks
                0x0000000020000284        0x4 Thirt Party/FreeRTOS/org/Source/tasks.o
 .bss.xYieldPending
                0x0000000020000288        0x4 Thirt Party/FreeRTOS/org/Source/tasks.o
 .bss.xNumOfOverflows
                0x000000002000028c        0x4 Thirt Party/FreeRTOS/org/Source/tasks.o
 .bss.uxTaskNumber
                0x0000000020000290        0x4 Thirt Party/FreeRTOS/org/Source/tasks.o
 .bss.xNextTaskUnblockTime
                0x0000000020000294        0x4 Thirt Party/FreeRTOS/org/Source/tasks.o
 .bss.xIdleTaskHandle
                0x0000000020000298        0x4 Thirt Party/FreeRTOS/org/Source/tasks.o
 .bss.uxSchedulerSuspended
                0x000000002000029c        0x4 Thirt Party/FreeRTOS/org/Source/tasks.o
 .bss.ucMaxSysCallPriority
                0x00000000200002a0        0x1 Thirt Party/FreeRTOS/org/Source/portable/GCC/ARM_CM4F/port.o
 *fill*         0x00000000200002a1        0x3 
 .bss.ulMaxPRIGROUPValue
                0x00000000200002a4        0x4 Thirt Party/FreeRTOS/org/Source/portable/GCC/ARM_CM4F/port.o
 .bss.ucHeap    0x00000000200002a8    0x12c00 Thirt Party/FreeRTOS/org/Source/portable/MemMang/heap_4.o
 .bss.xStart    0x0000000020012ea8        0x8 Thirt Party/FreeRTOS/org/Source/portable/MemMang/heap_4.o
 .bss.pxEnd     0x0000000020012eb0        0x4 Thirt Party/FreeRTOS/org/Source/portable/MemMang/heap_4.o
 .bss.xFreeBytesRemaining
                0x0000000020012eb4        0x4 Thirt Party/FreeRTOS/org/Source/portable/MemMang/heap_4.o
 .bss.xMinimumEverFreeBytesRemaining
                0x0000000020012eb8        0x4 Thirt Party/FreeRTOS/org/Source/portable/MemMang/heap_4.o
 .bss.xBlockAllocatedBit
                0x0000000020012ebc        0x4 Thirt Party/FreeRTOS/org/Source/portable/MemMang/heap_4.o
 .bss._aTasks   0x0000000020012ec0       0xa0 Thirt Party/SEGGER/OS/SEGGER_SYSVIEW_FreeRTOS.o
 .bss._NumTasks
                0x0000000020012f60        0x4 Thirt Party/SEGGER/OS/SEGGER_SYSVIEW_FreeRTOS.o
 .bss._acUpBuffer
                0x0000000020012f64      0x400 Thirt Party/SEGGER/SEGGER/SEGGER_RTT.o
 .bss._acDownBuffer
                0x0000000020013364       0x10 Thirt Party/SEGGER/SEGGER/SEGGER_RTT.o
 .bss._UpBuffer
                0x0000000020013374     0x4000 Thirt Party/SEGGER/SEGGER/SEGGER_SYSVIEW.o
 .bss._DownBuffer
                0x0000000020017374        0x8 Thirt Party/SEGGER/SEGGER/SEGGER_SYSVIEW.o
 .bss._SYSVIEW_Globals
                0x000000002001737c       0x28 Thirt Party/SEGGER/SEGGER/SEGGER_SYSVIEW.o
 .bss._pFirstModule
                0x00000000200173a4        0x4 Thirt Party/SEGGER/SEGGER/SEGGER_SYSVIEW.o
 .bss._NumModules
                0x00000000200173a8        0x1 Thirt Party/SEGGER/SEGGER/SEGGER_SYSVIEW.o
 *fill*         0x00000000200173a9        0x3 
 .bss._aPacket  0x00000000200173ac       0xe3 Thirt Party/SEGGER/SEGGER/SEGGER_SYSVIEW.o
 *fill*         0x000000002001748f        0x1 
 .bss.__malloc_free_list
                0x0000000020017490        0x4 d:/st/stm32cubeide_1.3.0/stm32cubeide/plugins/com.st.stm32cube.ide.mcu.externaltools.gnu-tools-for-stm32.7-2018-q2-update.win32_1.5.0.202011040924/tools/bin/../lib/gcc/arm-none-eabi/7.3.1/../../../../arm-none-eabi/lib/thumb/v7e-m/fpv4-sp/hard\libc_nano.a(lib_a-nano-mallocr.o)
                0x0000000020017490                __malloc_free_list
 .bss.__malloc_sbrk_start
                0x0000000020017494        0x4 d:/st/stm32cubeide_1.3.0/stm32cubeide/plugins/com.st.stm32cube.ide.mcu.externaltools.gnu-tools-for-stm32.7-2018-q2-update.win32_1.5.0.202011040924/tools/bin/../lib/gcc/arm-none-eabi/7.3.1/../../../../arm-none-eabi/lib/thumb/v7e-m/fpv4-sp/hard\libc_nano.a(lib_a-nano-mallocr.o)
                0x0000000020017494                __malloc_sbrk_start
 .bss.heap_end.5377
                0x0000000020017498        0x4 d:/st/stm32cubeide_1.3.0/stm32cubeide/plugins/com.st.stm32cube.ide.mcu.externaltools.gnu-tools-for-stm32.7-2018-q2-update.win32_1.5.0.202011040924/tools/bin/../lib/gcc/arm-none-eabi/7.3.1/../../../../arm-none-eabi/lib/thumb/v7e-m/fpv4-sp/hard\libnosys.a(sbrk.o)
 *(COMMON)
 COMMON         0x000000002001749c       0xa8 Thirt Party/SEGGER/SEGGER/SEGGER_RTT.o
                0x000000002001749c                _SEGGER_RTT
 COMMON         0x0000000020017544        0x4 d:/st/stm32cubeide_1.3.0/stm32cubeide/plugins/com.st.stm32cube.ide.mcu.externaltools.gnu-tools-for-stm32.7-2018-q2-update.win32_1.5.0.202011040924/tools/bin/../lib/gcc/arm-none-eabi/7.3.1/../../../../arm-none-eabi/lib/thumb/v7e-m/fpv4-sp/hard\libc_nano.a(lib_a-reent.o)
                0x0000000020017544                errno
                0x0000000020017548                . = ALIGN (0x4)
                0x0000000020017548                _ebss = .
                0x0000000020017548                __bss_end__ = _ebss

._user_heap_stack
                0x0000000020017548      0x600 load address 0x000000000800472c
                0x0000000020017548                . = ALIGN (0x8)
                0x0000000020017548                PROVIDE (end = .)
                [!provide]                        PROVIDE (_end = .)
                0x0000000020017748                . = (. + _Min_Heap_Size)
 *fill*         0x0000000020017548      0x200 
                0x0000000020017b48                . = (. + _Min_Stack_Size)
 *fill*         0x0000000020017748      0x400 
                0x0000000020017b48                . = ALIGN (0x8)

/DISCARD/
 libc.a(*)
 libm.a(*)
 libgcc.a(*)

.ARM.attributes
                0x0000000000000000       0x30
 *(.ARM.attributes)
 .ARM.attributes
                0x0000000000000000       0x22 d:/st/stm32cubeide_1.3.0/stm32cubeide/plugins/com.st.stm32cube.ide.mcu.externaltools.gnu-tools-for-stm32.7-2018-q2-update.win32_1.5.0.202011040924/tools/bin/../lib/gcc/arm-none-eabi/7.3.1/thumb/v7e-m/fpv4-sp/hard/crti.o
 .ARM.attributes
                0x0000000000000022       0x34 d:/st/stm32cubeide_1.3.0/stm32cubeide/plugins/com.st.stm32cube.ide.mcu.externaltools.gnu-tools-for-stm32.7-2018-q2-update.win32_1.5.0.202011040924/tools/bin/../lib/gcc/arm-none-eabi/7.3.1/thumb/v7e-m/fpv4-sp/hard/crtbegin.o
 .ARM.attributes
                0x0000000000000056       0x39 Core/Src/main.o
 .ARM.attributes
                0x000000000000008f       0x39 Core/Src/system_stm32f4xx.o
 .ARM.attributes
                0x00000000000000c8       0x21 Core/Startup/startup_stm32f407vgtx.o
 .ARM.attributes
                0x00000000000000e9       0x39 Drivers/StdPeriph_Driver/src/stm32f4xx_gpio.o
 .ARM.attributes
                0x0000000000000122       0x39 Drivers/StdPeriph_Driver/src/stm32f4xx_rcc.o
 .ARM.attributes
                0x000000000000015b       0x39 Drivers/StdPeriph_Driver/src/stm32f4xx_usart.o
 .ARM.attributes
                0x0000000000000194       0x39 Thirt Party/FreeRTOS/org/Source/list.o
 .ARM.attributes
                0x00000000000001cd       0x39 Thirt Party/FreeRTOS/org/Source/tasks.o
 .ARM.attributes
                0x0000000000000206       0x39 Thirt Party/FreeRTOS/org/Source/portable/GCC/ARM_CM4F/port.o
 .ARM.attributes
                0x000000000000023f       0x39 Thirt Party/FreeRTOS/org/Source/portable/MemMang/heap_4.o
 .ARM.attributes
                0x0000000000000278       0x39 Thirt Party/SEGGER/Config/SEGGER_SYSVIEW_Config_FreeRTOS.o
 .ARM.attributes
                0x00000000000002b1       0x39 Thirt Party/SEGGER/OS/SEGGER_SYSVIEW_FreeRTOS.o
 .ARM.attributes
                0x00000000000002ea       0x39 Thirt Party/SEGGER/SEGGER/SEGGER_RTT.o
 .ARM.attributes
                0x0000000000000323       0x39 Thirt Party/SEGGER/SEGGER/SEGGER_SYSVIEW.o
 .ARM.attributes
                0x000000000000035c       0x34 d:/st/stm32cubeide_1.3.0/stm32cubeide/plugins/com.st.stm32cube.ide.mcu.externaltools.gnu-tools-for-stm32.7-2018-q2-update.win32_1.5.0.202011040924/tools/bin/../lib/gcc/arm-none-eabi/7.3.1/../../../../arm-none-eabi/lib/thumb/v7e-m/fpv4-sp/hard\libc_nano.a(lib_a-impure.o)
 .ARM.attributes
                0x0000000000000390       0x34 d:/st/stm32cubeide_1.3.0/stm32cubeide/plugins/com.st.stm32cube.ide.mcu.externaltools.gnu-tools-for-stm32.7-2018-q2-update.win32_1.5.0.202011040924/tools/bin/../lib/gcc/arm-none-eabi/7.3.1/../../../../arm-none-eabi/lib/thumb/v7e-m/fpv4-sp/hard\libc_nano.a(lib_a-init.o)
 .ARM.attributes
                0x00000000000003c4       0x34 d:/st/stm32cubeide_1.3.0/stm32cubeide/plugins/com.st.stm32cube.ide.mcu.externaltools.gnu-tools-for-stm32.7-2018-q2-update.win32_1.5.0.202011040924/tools/bin/../lib/gcc/arm-none-eabi/7.3.1/../../../../arm-none-eabi/lib/thumb/v7e-m/fpv4-sp/hard\libc_nano.a(lib_a-memcmp.o)
 .ARM.attributes
                0x00000000000003f8       0x34 d:/st/stm32cubeide_1.3.0/stm32cubeide/plugins/com.st.stm32cube.ide.mcu.externaltools.gnu-tools-for-stm32.7-2018-q2-update.win32_1.5.0.202011040924/tools/bin/../lib/gcc/arm-none-eabi/7.3.1/../../../../arm-none-eabi/lib/thumb/v7e-m/fpv4-sp/hard\libc_nano.a(lib_a-memcpy-stub.o)
 .ARM.attributes
                0x000000000000042c       0x34 d:/st/stm32cubeide_1.3.0/stm32cubeide/plugins/com.st.stm32cube.ide.mcu.externaltools.gnu-tools-for-stm32.7-2018-q2-update.win32_1.5.0.202011040924/tools/bin/../lib/gcc/arm-none-eabi/7.3.1/../../../../arm-none-eabi/lib/thumb/v7e-m/fpv4-sp/hard\libc_nano.a(lib_a-memset.o)
 .ARM.attributes
                0x0000000000000460       0x34 d:/st/stm32cubeide_1.3.0/stm32cubeide/plugins/com.st.stm32cube.ide.mcu.externaltools.gnu-tools-for-stm32.7-2018-q2-update.win32_1.5.0.202011040924/tools/bin/../lib/gcc/arm-none-eabi/7.3.1/../../../../arm-none-eabi/lib/thumb/v7e-m/fpv4-sp/hard\libc_nano.a(lib_a-sprintf.o)
 .ARM.attributes
                0x0000000000000494       0x1b d:/st/stm32cubeide_1.3.0/stm32cubeide/plugins/com.st.stm32cube.ide.mcu.externaltools.gnu-tools-for-stm32.7-2018-q2-update.win32_1.5.0.202011040924/tools/bin/../lib/gcc/arm-none-eabi/7.3.1/../../../../arm-none-eabi/lib/thumb/v7e-m/fpv4-sp/hard\libc_nano.a(lib_a-strlen.o)
 .ARM.attributes
                0x00000000000004af       0x34 d:/st/stm32cubeide_1.3.0/stm32cubeide/plugins/com.st.stm32cube.ide.mcu.externaltools.gnu-tools-for-stm32.7-2018-q2-update.win32_1.5.0.202011040924/tools/bin/../lib/gcc/arm-none-eabi/7.3.1/../../../../arm-none-eabi/lib/thumb/v7e-m/fpv4-sp/hard\libc_nano.a(lib_a-nano-svfprintf.o)
 .ARM.attributes
                0x00000000000004e3       0x34 d:/st/stm32cubeide_1.3.0/stm32cubeide/plugins/com.st.stm32cube.ide.mcu.externaltools.gnu-tools-for-stm32.7-2018-q2-update.win32_1.5.0.202011040924/tools/bin/../lib/gcc/arm-none-eabi/7.3.1/../../../../arm-none-eabi/lib/thumb/v7e-m/fpv4-sp/hard\libc_nano.a(lib_a-nano-vfprintf_i.o)
 .ARM.attributes
                0x0000000000000517       0x20 d:/st/stm32cubeide_1.3.0/stm32cubeide/plugins/com.st.stm32cube.ide.mcu.externaltools.gnu-tools-for-stm32.7-2018-q2-update.win32_1.5.0.202011040924/tools/bin/../lib/gcc/arm-none-eabi/7.3.1/../../../../arm-none-eabi/lib/thumb/v7e-m/fpv4-sp/hard\libc_nano.a(lib_a-memchr.o)
 .ARM.attributes
                0x0000000000000537       0x34 d:/st/stm32cubeide_1.3.0/stm32cubeide/plugins/com.st.stm32cube.ide.mcu.externaltools.gnu-tools-for-stm32.7-2018-q2-update.win32_1.5.0.202011040924/tools/bin/../lib/gcc/arm-none-eabi/7.3.1/../../../../arm-none-eabi/lib/thumb/v7e-m/fpv4-sp/hard\libc_nano.a(lib_a-memmove.o)
 .ARM.attributes
                0x000000000000056b       0x34 d:/st/stm32cubeide_1.3.0/stm32cubeide/plugins/com.st.stm32cube.ide.mcu.externaltools.gnu-tools-for-stm32.7-2018-q2-update.win32_1.5.0.202011040924/tools/bin/../lib/gcc/arm-none-eabi/7.3.1/../../../../arm-none-eabi/lib/thumb/v7e-m/fpv4-sp/hard\libc_nano.a(lib_a-nano-freer.o)
 .ARM.attributes
                0x000000000000059f       0x34 d:/st/stm32cubeide_1.3.0/stm32cubeide/plugins/com.st.stm32cube.ide.mcu.externaltools.gnu-tools-for-stm32.7-2018-q2-update.win32_1.5.0.202011040924/tools/bin/../lib/gcc/arm-none-eabi/7.3.1/../../../../arm-none-eabi/lib/thumb/v7e-m/fpv4-sp/hard\libc_nano.a(lib_a-nano-mallocr.o)
 .ARM.attributes
                0x00000000000005d3       0x34 d:/st/stm32cubeide_1.3.0/stm32cubeide/plugins/com.st.stm32cube.ide.mcu.externaltools.gnu-tools-for-stm32.7-2018-q2-update.win32_1.5.0.202011040924/tools/bin/../lib/gcc/arm-none-eabi/7.3.1/../../../../arm-none-eabi/lib/thumb/v7e-m/fpv4-sp/hard\libc_nano.a(lib_a-nano-reallocr.o)
 .ARM.attributes
                0x0000000000000607       0x34 d:/st/stm32cubeide_1.3.0/stm32cubeide/plugins/com.st.stm32cube.ide.mcu.externaltools.gnu-tools-for-stm32.7-2018-q2-update.win32_1.5.0.202011040924/tools/bin/../lib/gcc/arm-none-eabi/7.3.1/../../../../arm-none-eabi/lib/thumb/v7e-m/fpv4-sp/hard\libc_nano.a(lib_a-sbrkr.o)
 .ARM.attributes
                0x000000000000063b       0x34 d:/st/stm32cubeide_1.3.0/stm32cubeide/plugins/com.st.stm32cube.ide.mcu.externaltools.gnu-tools-for-stm32.7-2018-q2-update.win32_1.5.0.202011040924/tools/bin/../lib/gcc/arm-none-eabi/7.3.1/../../../../arm-none-eabi/lib/thumb/v7e-m/fpv4-sp/hard\libc_nano.a(lib_a-mlock.o)
 .ARM.attributes
                0x000000000000066f       0x34 d:/st/stm32cubeide_1.3.0/stm32cubeide/plugins/com.st.stm32cube.ide.mcu.externaltools.gnu-tools-for-stm32.7-2018-q2-update.win32_1.5.0.202011040924/tools/bin/../lib/gcc/arm-none-eabi/7.3.1/../../../../arm-none-eabi/lib/thumb/v7e-m/fpv4-sp/hard\libc_nano.a(lib_a-nano-msizer.o)
 .ARM.attributes
                0x00000000000006a3       0x34 d:/st/stm32cubeide_1.3.0/stm32cubeide/plugins/com.st.stm32cube.ide.mcu.externaltools.gnu-tools-for-stm32.7-2018-q2-update.win32_1.5.0.202011040924/tools/bin/../lib/gcc/arm-none-eabi/7.3.1/../../../../arm-none-eabi/lib/thumb/v7e-m/fpv4-sp/hard\libc_nano.a(lib_a-reent.o)
 .ARM.attributes
                0x00000000000006d7       0x34 d:/st/stm32cubeide_1.3.0/stm32cubeide/plugins/com.st.stm32cube.ide.mcu.externaltools.gnu-tools-for-stm32.7-2018-q2-update.win32_1.5.0.202011040924/tools/bin/../lib/gcc/arm-none-eabi/7.3.1/../../../../arm-none-eabi/lib/thumb/v7e-m/fpv4-sp/hard\libnosys.a(sbrk.o)
 .ARM.attributes
                0x000000000000070b       0x22 d:/st/stm32cubeide_1.3.0/stm32cubeide/plugins/com.st.stm32cube.ide.mcu.externaltools.gnu-tools-for-stm32.7-2018-q2-update.win32_1.5.0.202011040924/tools/bin/../lib/gcc/arm-none-eabi/7.3.1/thumb/v7e-m/fpv4-sp/hard/crtn.o
OUTPUT(RTOS_Tasks_Notify.elf elf32-littlearm)

.debug_info     0x0000000000000000     0xd2dd
 .debug_info    0x0000000000000000      0xe18 Core/Src/main.o
 .debug_info    0x0000000000000e18      0x521 Core/Src/system_stm32f4xx.o
 .debug_info    0x0000000000001339       0x22 Core/Startup/startup_stm32f407vgtx.o
 .debug_info    0x000000000000135b      0x62b Drivers/StdPeriph_Driver/src/stm32f4xx_gpio.o
 .debug_info    0x0000000000001986      0xe67 Drivers/StdPeriph_Driver/src/stm32f4xx_rcc.o
 .debug_info    0x00000000000027ed      0x9d4 Drivers/StdPeriph_Driver/src/stm32f4xx_usart.o
 .debug_info    0x00000000000031c1      0xacb Thirt Party/FreeRTOS/org/Source/list.o
 .debug_info    0x0000000000003c8c     0x2723 Thirt Party/FreeRTOS/org/Source/tasks.o
 .debug_info    0x00000000000063af      0x533 Thirt Party/FreeRTOS/org/Source/portable/GCC/ARM_CM4F/port.o
 .debug_info    0x00000000000068e2      0xbec Thirt Party/FreeRTOS/org/Source/portable/MemMang/heap_4.o
 .debug_info    0x00000000000074ce      0x10f Thirt Party/SEGGER/Config/SEGGER_SYSVIEW_Config_FreeRTOS.o
 .debug_info    0x00000000000075dd      0xb7d Thirt Party/SEGGER/OS/SEGGER_SYSVIEW_FreeRTOS.o
 .debug_info    0x000000000000815a     0x16a9 Thirt Party/SEGGER/SEGGER/SEGGER_RTT.o
 .debug_info    0x0000000000009803     0x3ada Thirt Party/SEGGER/SEGGER/SEGGER_SYSVIEW.o

.debug_abbrev   0x0000000000000000     0x1ac8
 .debug_abbrev  0x0000000000000000      0x25c Core/Src/main.o
 .debug_abbrev  0x000000000000025c      0x122 Core/Src/system_stm32f4xx.o
 .debug_abbrev  0x000000000000037e       0x12 Core/Startup/startup_stm32f407vgtx.o
 .debug_abbrev  0x0000000000000390      0x1bf Drivers/StdPeriph_Driver/src/stm32f4xx_gpio.o
 .debug_abbrev  0x000000000000054f      0x1d4 Drivers/StdPeriph_Driver/src/stm32f4xx_rcc.o
 .debug_abbrev  0x0000000000000723      0x187 Drivers/StdPeriph_Driver/src/stm32f4xx_usart.o
 .debug_abbrev  0x00000000000008aa      0x1cf Thirt Party/FreeRTOS/org/Source/list.o
 .debug_abbrev  0x0000000000000a79      0x35f Thirt Party/FreeRTOS/org/Source/tasks.o
 .debug_abbrev  0x0000000000000dd8      0x210 Thirt Party/FreeRTOS/org/Source/portable/GCC/ARM_CM4F/port.o
 .debug_abbrev  0x0000000000000fe8      0x29e Thirt Party/FreeRTOS/org/Source/portable/MemMang/heap_4.o
 .debug_abbrev  0x0000000000001286       0xb5 Thirt Party/SEGGER/Config/SEGGER_SYSVIEW_Config_FreeRTOS.o
 .debug_abbrev  0x000000000000133b      0x1ed Thirt Party/SEGGER/OS/SEGGER_SYSVIEW_FreeRTOS.o
 .debug_abbrev  0x0000000000001528      0x2a0 Thirt Party/SEGGER/SEGGER/SEGGER_RTT.o
 .debug_abbrev  0x00000000000017c8      0x300 Thirt Party/SEGGER/SEGGER/SEGGER_SYSVIEW.o

.debug_aranges  0x0000000000000000      0xad0
 .debug_aranges
                0x0000000000000000       0x58 Core/Src/main.o
 .debug_aranges
                0x0000000000000058       0x28 Core/Src/system_stm32f4xx.o
 .debug_aranges
                0x0000000000000080       0x28 Core/Startup/startup_stm32f407vgtx.o
 .debug_aranges
                0x00000000000000a8       0x88 Drivers/StdPeriph_Driver/src/stm32f4xx_gpio.o
 .debug_aranges
                0x0000000000000130      0x1c0 Drivers/StdPeriph_Driver/src/stm32f4xx_rcc.o
 .debug_aranges
                0x00000000000002f0      0x100 Drivers/StdPeriph_Driver/src/stm32f4xx_usart.o
 .debug_aranges
                0x00000000000003f0       0x40 Thirt Party/FreeRTOS/org/Source/list.o
 .debug_aranges
                0x0000000000000430      0x1e8 Thirt Party/FreeRTOS/org/Source/tasks.o
 .debug_aranges
                0x0000000000000618       0x80 Thirt Party/FreeRTOS/org/Source/portable/GCC/ARM_CM4F/port.o
 .debug_aranges
                0x0000000000000698       0x50 Thirt Party/FreeRTOS/org/Source/portable/MemMang/heap_4.o
 .debug_aranges
                0x00000000000006e8       0x28 Thirt Party/SEGGER/Config/SEGGER_SYSVIEW_Config_FreeRTOS.o
 .debug_aranges
                0x0000000000000710       0x48 Thirt Party/SEGGER/OS/SEGGER_SYSVIEW_FreeRTOS.o
 .debug_aranges
                0x0000000000000758      0x110 Thirt Party/SEGGER/SEGGER/SEGGER_RTT.o
 .debug_aranges
                0x0000000000000868      0x268 Thirt Party/SEGGER/SEGGER/SEGGER_SYSVIEW.o

.debug_ranges   0x0000000000000000      0x9f8
 .debug_ranges  0x0000000000000000       0x48 Core/Src/main.o
 .debug_ranges  0x0000000000000048       0x18 Core/Src/system_stm32f4xx.o
 .debug_ranges  0x0000000000000060       0x20 Core/Startup/startup_stm32f407vgtx.o
 .debug_ranges  0x0000000000000080       0x78 Drivers/StdPeriph_Driver/src/stm32f4xx_gpio.o
 .debug_ranges  0x00000000000000f8      0x1b0 Drivers/StdPeriph_Driver/src/stm32f4xx_rcc.o
 .debug_ranges  0x00000000000002a8       0xf0 Drivers/StdPeriph_Driver/src/stm32f4xx_usart.o
 .debug_ranges  0x0000000000000398       0x30 Thirt Party/FreeRTOS/org/Source/list.o
 .debug_ranges  0x00000000000003c8      0x1d8 Thirt Party/FreeRTOS/org/Source/tasks.o
 .debug_ranges  0x00000000000005a0       0x70 Thirt Party/FreeRTOS/org/Source/portable/GCC/ARM_CM4F/port.o
 .debug_ranges  0x0000000000000610       0x40 Thirt Party/FreeRTOS/org/Source/portable/MemMang/heap_4.o
 .debug_ranges  0x0000000000000650       0x18 Thirt Party/SEGGER/Config/SEGGER_SYSVIEW_Config_FreeRTOS.o
 .debug_ranges  0x0000000000000668       0x38 Thirt Party/SEGGER/OS/SEGGER_SYSVIEW_FreeRTOS.o
 .debug_ranges  0x00000000000006a0      0x100 Thirt Party/SEGGER/SEGGER/SEGGER_RTT.o
 .debug_ranges  0x00000000000007a0      0x258 Thirt Party/SEGGER/SEGGER/SEGGER_SYSVIEW.o

.debug_macro    0x0000000000000000    0x12d18
 .debug_macro   0x0000000000000000      0x3ee Core/Src/main.o
 .debug_macro   0x00000000000003ee      0xa6c Core/Src/main.o
 .debug_macro   0x0000000000000e5a       0x22 Core/Src/main.o
 .debug_macro   0x0000000000000e7c       0x40 Core/Src/main.o
 .debug_macro   0x0000000000000ebc       0x18 Core/Src/main.o
 .debug_macro   0x0000000000000ed4       0x94 Core/Src/main.o
 .debug_macro   0x0000000000000f68       0x3c Core/Src/main.o
 .debug_macro   0x0000000000000fa4       0x34 Core/Src/main.o
 .debug_macro   0x0000000000000fd8       0x16 Core/Src/main.o
 .debug_macro   0x0000000000000fee       0x57 Core/Src/main.o
 .debug_macro   0x0000000000001045       0x97 Core/Src/main.o
 .debug_macro   0x00000000000010dc      0x330 Core/Src/main.o
 .debug_macro   0x000000000000140c       0xfd Core/Src/main.o
 .debug_macro   0x0000000000001509       0x10 Core/Src/main.o
 .debug_macro   0x0000000000001519       0x52 Core/Src/main.o
 .debug_macro   0x000000000000156b       0x1f Core/Src/main.o
 .debug_macro   0x000000000000158a       0x43 Core/Src/main.o
 .debug_macro   0x00000000000015cd       0x20 Core/Src/main.o
 .debug_macro   0x00000000000015ed      0x1a3 Core/Src/main.o
 .debug_macro   0x0000000000001790       0x10 Core/Src/main.o
 .debug_macro   0x00000000000017a0       0x6a Core/Src/main.o
 .debug_macro   0x000000000000180a       0x1c Core/Src/main.o
 .debug_macro   0x0000000000001826       0x52 Core/Src/main.o
 .debug_macro   0x0000000000001878       0x40 Core/Src/main.o
 .debug_macro   0x00000000000018b8       0x10 Core/Src/main.o
 .debug_macro   0x00000000000018c8       0x40 Core/Src/main.o
 .debug_macro   0x0000000000001908       0xd7 Core/Src/main.o
 .debug_macro   0x00000000000019df       0x1c Core/Src/main.o
 .debug_macro   0x00000000000019fb       0x3d Core/Src/main.o
 .debug_macro   0x0000000000001a38       0x16 Core/Src/main.o
 .debug_macro   0x0000000000001a4e      0x145 Core/Src/main.o
 .debug_macro   0x0000000000001b93       0xef Core/Src/main.o
 .debug_macro   0x0000000000001c82      0x1df Core/Src/main.o
 .debug_macro   0x0000000000001e61       0x16 Core/Src/main.o
 .debug_macro   0x0000000000001e77       0x35 Core/Src/main.o
 .debug_macro   0x0000000000001eac       0x20 Core/Src/main.o
 .debug_macro   0x0000000000001ecc       0x65 Core/Src/main.o
 .debug_macro   0x0000000000001f31       0x3b Core/Src/main.o
 .debug_macro   0x0000000000001f6c       0x34 Core/Src/main.o
 .debug_macro   0x0000000000001fa0       0x26 Core/Src/main.o
 .debug_macro   0x0000000000001fc6      0xe43 Core/Src/main.o
 .debug_macro   0x0000000000002e09     0x91ad Core/Src/main.o
 .debug_macro   0x000000000000bfb6      0x44f Core/Src/main.o
 .debug_macro   0x000000000000c405       0xb2 Core/Src/main.o
 .debug_macro   0x000000000000c4b7      0x477 Core/Src/main.o
 .debug_macro   0x000000000000c92e       0xb5 Core/Src/main.o
 .debug_macro   0x000000000000c9e3      0x41c Core/Src/main.o
 .debug_macro   0x000000000000cdff      0x2fb Core/Src/main.o
 .debug_macro   0x000000000000d0fa      0x2ba Core/Src/main.o
 .debug_macro   0x000000000000d3b4       0x64 Core/Src/main.o
 .debug_macro   0x000000000000d418       0xee Core/Src/main.o
 .debug_macro   0x000000000000d506      0x65f Core/Src/main.o
 .debug_macro   0x000000000000db65      0x59e Core/Src/main.o
 .debug_macro   0x000000000000e103      0x342 Core/Src/main.o
 .debug_macro   0x000000000000e445      0x36c Core/Src/main.o
 .debug_macro   0x000000000000e7b1      0x114 Core/Src/main.o
 .debug_macro   0x000000000000e8c5      0x73b Core/Src/main.o
 .debug_macro   0x000000000000f000      0x223 Core/Src/main.o
 .debug_macro   0x000000000000f223       0x34 Core/Src/main.o
 .debug_macro   0x000000000000f257       0x82 Core/Src/main.o
 .debug_macro   0x000000000000f2d9      0x144 Core/Src/main.o
 .debug_macro   0x000000000000f41d       0xc3 Core/Src/main.o
 .debug_macro   0x000000000000f4e0       0x40 Core/Src/main.o
 .debug_macro   0x000000000000f520      0x3cf Core/Src/main.o
 .debug_macro   0x000000000000f8ef      0x188 Core/Src/main.o
 .debug_macro   0x000000000000fa77      0x149 Core/Src/main.o
 .debug_macro   0x000000000000fbc0      0x279 Core/Src/main.o
 .debug_macro   0x000000000000fe39       0x35 Core/Src/main.o
 .debug_macro   0x000000000000fe6e      0x112 Core/Src/main.o
 .debug_macro   0x000000000000ff80       0x4c Core/Src/main.o
 .debug_macro   0x000000000000ffcc       0x40 Core/Src/main.o
 .debug_macro   0x000000000001000c       0x4c Core/Src/main.o
 .debug_macro   0x0000000000010058      0x1cd Core/Src/main.o
 .debug_macro   0x0000000000010225      0x45a Core/Src/main.o
 .debug_macro   0x000000000001067f      0x15a Core/Src/main.o
 .debug_macro   0x00000000000107d9       0xdd Core/Src/main.o
 .debug_macro   0x00000000000108b6       0x10 Core/Src/main.o
 .debug_macro   0x00000000000108c6       0x1f Core/Src/main.o
 .debug_macro   0x00000000000108e5      0x375 Core/Src/main.o
 .debug_macro   0x0000000000010c5a       0xb5 Core/Src/main.o
 .debug_macro   0x0000000000010d0f       0x8c Core/Src/main.o
 .debug_macro   0x0000000000010d9b      0x1bc Core/Src/system_stm32f4xx.o
 .debug_macro   0x0000000000010f57       0x8e Core/Src/system_stm32f4xx.o
 .debug_macro   0x0000000000010fe5       0x51 Core/Src/system_stm32f4xx.o
 .debug_macro   0x0000000000011036      0x1c0 Drivers/StdPeriph_Driver/src/stm32f4xx_gpio.o
 .debug_macro   0x00000000000111f6      0x2f5 Drivers/StdPeriph_Driver/src/stm32f4xx_gpio.o
 .debug_macro   0x00000000000114eb      0x293 Drivers/StdPeriph_Driver/src/stm32f4xx_rcc.o
 .debug_macro   0x000000000001177e      0x1d8 Drivers/StdPeriph_Driver/src/stm32f4xx_usart.o
 .debug_macro   0x0000000000011956      0x21d Drivers/StdPeriph_Driver/src/stm32f4xx_usart.o
 .debug_macro   0x0000000000011b73      0x1ba Thirt Party/FreeRTOS/org/Source/list.o
 .debug_macro   0x0000000000011d2d      0x2ba Thirt Party/FreeRTOS/org/Source/tasks.o
 .debug_macro   0x0000000000011fe7       0x10 Thirt Party/FreeRTOS/org/Source/tasks.o
 .debug_macro   0x0000000000011ff7      0x1d6 Thirt Party/FreeRTOS/org/Source/portable/GCC/ARM_CM4F/port.o
 .debug_macro   0x00000000000121cd      0x1e1 Thirt Party/FreeRTOS/org/Source/portable/MemMang/heap_4.o
 .debug_macro   0x00000000000123ae      0x116 Thirt Party/SEGGER/Config/SEGGER_SYSVIEW_Config_FreeRTOS.o
 .debug_macro   0x00000000000124c4      0x1d5 Thirt Party/SEGGER/OS/SEGGER_SYSVIEW_FreeRTOS.o
 .debug_macro   0x0000000000012699      0x169 Thirt Party/SEGGER/SEGGER/SEGGER_RTT.o
 .debug_macro   0x0000000000012802       0x4f Thirt Party/SEGGER/SEGGER/SEGGER_RTT.o
 .debug_macro   0x0000000000012851      0x115 Thirt Party/SEGGER/SEGGER/SEGGER_RTT.o
 .debug_macro   0x0000000000012966      0x1fd Thirt Party/SEGGER/SEGGER/SEGGER_SYSVIEW.o
 .debug_macro   0x0000000000012b63       0x65 Thirt Party/SEGGER/SEGGER/SEGGER_SYSVIEW.o
 .debug_macro   0x0000000000012bc8       0x35 Thirt Party/SEGGER/SEGGER/SEGGER_SYSVIEW.o
 .debug_macro   0x0000000000012bfd      0x11b Thirt Party/SEGGER/SEGGER/SEGGER_SYSVIEW.o

.debug_line     0x0000000000000000     0x94ab
 .debug_line    0x0000000000000000      0xd17 Core/Src/main.o
 .debug_line    0x0000000000000d17      0x726 Core/Src/system_stm32f4xx.o
 .debug_line    0x000000000000143d       0x85 Core/Startup/startup_stm32f407vgtx.o
 .debug_line    0x00000000000014c2      0x88e Drivers/StdPeriph_Driver/src/stm32f4xx_gpio.o
 .debug_line    0x0000000000001d50      0xb82 Drivers/StdPeriph_Driver/src/stm32f4xx_rcc.o
 .debug_line    0x00000000000028d2      0x9d4 Drivers/StdPeriph_Driver/src/stm32f4xx_usart.o
 .debug_line    0x00000000000032a6      0x898 Thirt Party/FreeRTOS/org/Source/list.o
 .debug_line    0x0000000000003b3e     0x1541 Thirt Party/FreeRTOS/org/Source/tasks.o
 .debug_line    0x000000000000507f      0x914 Thirt Party/FreeRTOS/org/Source/portable/GCC/ARM_CM4F/port.o
 .debug_line    0x0000000000005993      0x97e Thirt Party/FreeRTOS/org/Source/portable/MemMang/heap_4.o
 .debug_line    0x0000000000006311      0x6fe Thirt Party/SEGGER/Config/SEGGER_SYSVIEW_Config_FreeRTOS.o
 .debug_line    0x0000000000006a0f      0x929 Thirt Party/SEGGER/OS/SEGGER_SYSVIEW_FreeRTOS.o
 .debug_line    0x0000000000007338      0x950 Thirt Party/SEGGER/SEGGER/SEGGER_RTT.o
 .debug_line    0x0000000000007c88     0x1823 Thirt Party/SEGGER/SEGGER/SEGGER_SYSVIEW.o

.debug_str      0x0000000000000000    0x71938
 .debug_str     0x0000000000000000    0x6b73a Core/Src/main.o
                                      0x6ba95 (size before relaxing)
 .debug_str     0x000000000006b73a      0x1a8 Core/Src/system_stm32f4xx.o
                                      0x602c9 (size before relaxing)
 .debug_str     0x000000000006b8e2       0x36 Core/Startup/startup_stm32f407vgtx.o
                                         0x84 (size before relaxing)
 .debug_str     0x000000000006b918      0x194 Drivers/StdPeriph_Driver/src/stm32f4xx_gpio.o
                                      0x60401 (size before relaxing)
 .debug_str     0x000000000006baac      0xc88 Drivers/StdPeriph_Driver/src/stm32f4xx_rcc.o
                                      0x60f0e (size before relaxing)
 .debug_str     0x000000000006c734      0x4bc Drivers/StdPeriph_Driver/src/stm32f4xx_usart.o
                                      0x60714 (size before relaxing)
 .debug_str     0x000000000006cbf0      0x23e Thirt Party/FreeRTOS/org/Source/list.o
                                       0xdc65 (size before relaxing)
 .debug_str     0x000000000006ce2e     0x1d84 Thirt Party/FreeRTOS/org/Source/tasks.o
                                      0x100a6 (size before relaxing)
 .debug_str     0x000000000006ebb2      0x7fb Thirt Party/FreeRTOS/org/Source/portable/GCC/ARM_CM4F/port.o
                                       0xb95e (size before relaxing)
 .debug_str     0x000000000006f3ad      0x252 Thirt Party/FreeRTOS/org/Source/portable/MemMang/heap_4.o
                                       0xe388 (size before relaxing)
 .debug_str     0x000000000006f5ff      0x177 Thirt Party/SEGGER/Config/SEGGER_SYSVIEW_Config_FreeRTOS.o
                                       0xa4b4 (size before relaxing)
 .debug_str     0x000000000006f776       0xfb Thirt Party/SEGGER/OS/SEGGER_SYSVIEW_FreeRTOS.o
                                       0xe1d8 (size before relaxing)
 .debug_str     0x000000000006f871      0xdca Thirt Party/SEGGER/SEGGER/SEGGER_RTT.o
                                       0x7204 (size before relaxing)
 .debug_str     0x000000000007063b     0x12fd Thirt Party/SEGGER/SEGGER/SEGGER_SYSVIEW.o
                                       0x91ab (size before relaxing)

.comment        0x0000000000000000       0x7b
 .comment       0x0000000000000000       0x7b Core/Src/main.o
                                         0x7c (size before relaxing)
 .comment       0x000000000000007b       0x7c Core/Src/system_stm32f4xx.o
 .comment       0x000000000000007b       0x7c Drivers/StdPeriph_Driver/src/stm32f4xx_gpio.o
 .comment       0x000000000000007b       0x7c Drivers/StdPeriph_Driver/src/stm32f4xx_rcc.o
 .comment       0x000000000000007b       0x7c Drivers/StdPeriph_Driver/src/stm32f4xx_usart.o
 .comment       0x000000000000007b       0x7c Thirt Party/FreeRTOS/org/Source/list.o
 .comment       0x000000000000007b       0x7c Thirt Party/FreeRTOS/org/Source/tasks.o
 .comment       0x000000000000007b       0x7c Thirt Party/FreeRTOS/org/Source/portable/GCC/ARM_CM4F/port.o
 .comment       0x000000000000007b       0x7c Thirt Party/FreeRTOS/org/Source/portable/MemMang/heap_4.o
 .comment       0x000000000000007b       0x7c Thirt Party/SEGGER/Config/SEGGER_SYSVIEW_Config_FreeRTOS.o
 .comment       0x000000000000007b       0x7c Thirt Party/SEGGER/OS/SEGGER_SYSVIEW_FreeRTOS.o
 .comment       0x000000000000007b       0x7c Thirt Party/SEGGER/SEGGER/SEGGER_RTT.o
 .comment       0x000000000000007b       0x7c Thirt Party/SEGGER/SEGGER/SEGGER_SYSVIEW.o

.debug_frame    0x0000000000000000     0x3150
 .debug_frame   0x0000000000000000      0x120 Core/Src/main.o
 .debug_frame   0x0000000000000120       0x58 Core/Src/system_stm32f4xx.o
 .debug_frame   0x0000000000000178      0x23c Drivers/StdPeriph_Driver/src/stm32f4xx_gpio.o
 .debug_frame   0x00000000000003b4      0x83c Drivers/StdPeriph_Driver/src/stm32f4xx_rcc.o
 .debug_frame   0x0000000000000bf0      0x490 Drivers/StdPeriph_Driver/src/stm32f4xx_usart.o
 .debug_frame   0x0000000000001080       0xd8 Thirt Party/FreeRTOS/org/Source/list.o
 .debug_frame   0x0000000000001158      0x870 Thirt Party/FreeRTOS/org/Source/tasks.o
 .debug_frame   0x00000000000019c8      0x1a8 Thirt Party/FreeRTOS/org/Source/portable/GCC/ARM_CM4F/port.o
 .debug_frame   0x0000000000001b70      0x108 Thirt Party/FreeRTOS/org/Source/portable/MemMang/heap_4.o
 .debug_frame   0x0000000000001c78       0x48 Thirt Party/SEGGER/Config/SEGGER_SYSVIEW_Config_FreeRTOS.o
 .debug_frame   0x0000000000001cc0      0x100 Thirt Party/SEGGER/OS/SEGGER_SYSVIEW_FreeRTOS.o
 .debug_frame   0x0000000000001dc0      0x478 Thirt Party/SEGGER/SEGGER/SEGGER_RTT.o
 .debug_frame   0x0000000000002238      0xb5c Thirt Party/SEGGER/SEGGER/SEGGER_SYSVIEW.o
 .debug_frame   0x0000000000002d94       0x2c d:/st/stm32cubeide_1.3.0/stm32cubeide/plugins/com.st.stm32cube.ide.mcu.externaltools.gnu-tools-for-stm32.7-2018-q2-update.win32_1.5.0.202011040924/tools/bin/../lib/gcc/arm-none-eabi/7.3.1/../../../../arm-none-eabi/lib/thumb/v7e-m/fpv4-sp/hard\libc_nano.a(lib_a-init.o)
 .debug_frame   0x0000000000002dc0       0x2c d:/st/stm32cubeide_1.3.0/stm32cubeide/plugins/com.st.stm32cube.ide.mcu.externaltools.gnu-tools-for-stm32.7-2018-q2-update.win32_1.5.0.202011040924/tools/bin/../lib/gcc/arm-none-eabi/7.3.1/../../../../arm-none-eabi/lib/thumb/v7e-m/fpv4-sp/hard\libc_nano.a(lib_a-memcmp.o)
 .debug_frame   0x0000000000002dec       0x28 d:/st/stm32cubeide_1.3.0/stm32cubeide/plugins/com.st.stm32cube.ide.mcu.externaltools.gnu-tools-for-stm32.7-2018-q2-update.win32_1.5.0.202011040924/tools/bin/../lib/gcc/arm-none-eabi/7.3.1/../../../../arm-none-eabi/lib/thumb/v7e-m/fpv4-sp/hard\libc_nano.a(lib_a-memcpy-stub.o)
 .debug_frame   0x0000000000002e14       0x20 d:/st/stm32cubeide_1.3.0/stm32cubeide/plugins/com.st.stm32cube.ide.mcu.externaltools.gnu-tools-for-stm32.7-2018-q2-update.win32_1.5.0.202011040924/tools/bin/../lib/gcc/arm-none-eabi/7.3.1/../../../../arm-none-eabi/lib/thumb/v7e-m/fpv4-sp/hard\libc_nano.a(lib_a-memset.o)
 .debug_frame   0x0000000000002e34       0x6c d:/st/stm32cubeide_1.3.0/stm32cubeide/plugins/com.st.stm32cube.ide.mcu.externaltools.gnu-tools-for-stm32.7-2018-q2-update.win32_1.5.0.202011040924/tools/bin/../lib/gcc/arm-none-eabi/7.3.1/../../../../arm-none-eabi/lib/thumb/v7e-m/fpv4-sp/hard\libc_nano.a(lib_a-sprintf.o)
 .debug_frame   0x0000000000002ea0       0x90 d:/st/stm32cubeide_1.3.0/stm32cubeide/plugins/com.st.stm32cube.ide.mcu.externaltools.gnu-tools-for-stm32.7-2018-q2-update.win32_1.5.0.202011040924/tools/bin/../lib/gcc/arm-none-eabi/7.3.1/../../../../arm-none-eabi/lib/thumb/v7e-m/fpv4-sp/hard\libc_nano.a(lib_a-nano-svfprintf.o)
 .debug_frame   0x0000000000002f30       0x60 d:/st/stm32cubeide_1.3.0/stm32cubeide/plugins/com.st.stm32cube.ide.mcu.externaltools.gnu-tools-for-stm32.7-2018-q2-update.win32_1.5.0.202011040924/tools/bin/../lib/gcc/arm-none-eabi/7.3.1/../../../../arm-none-eabi/lib/thumb/v7e-m/fpv4-sp/hard\libc_nano.a(lib_a-nano-vfprintf_i.o)
 .debug_frame   0x0000000000002f90       0x28 d:/st/stm32cubeide_1.3.0/stm32cubeide/plugins/com.st.stm32cube.ide.mcu.externaltools.gnu-tools-for-stm32.7-2018-q2-update.win32_1.5.0.202011040924/tools/bin/../lib/gcc/arm-none-eabi/7.3.1/../../../../arm-none-eabi/lib/thumb/v7e-m/fpv4-sp/hard\libc_nano.a(lib_a-memmove.o)
 .debug_frame   0x0000000000002fb8       0x38 d:/st/stm32cubeide_1.3.0/stm32cubeide/plugins/com.st.stm32cube.ide.mcu.externaltools.gnu-tools-for-stm32.7-2018-q2-update.win32_1.5.0.202011040924/tools/bin/../lib/gcc/arm-none-eabi/7.3.1/../../../../arm-none-eabi/lib/thumb/v7e-m/fpv4-sp/hard\libc_nano.a(lib_a-nano-freer.o)
 .debug_frame   0x0000000000002ff0       0x2c d:/st/stm32cubeide_1.3.0/stm32cubeide/plugins/com.st.stm32cube.ide.mcu.externaltools.gnu-tools-for-stm32.7-2018-q2-update.win32_1.5.0.202011040924/tools/bin/../lib/gcc/arm-none-eabi/7.3.1/../../../../arm-none-eabi/lib/thumb/v7e-m/fpv4-sp/hard\libc_nano.a(lib_a-nano-mallocr.o)
 .debug_frame   0x000000000000301c       0x3c d:/st/stm32cubeide_1.3.0/stm32cubeide/plugins/com.st.stm32cube.ide.mcu.externaltools.gnu-tools-for-stm32.7-2018-q2-update.win32_1.5.0.202011040924/tools/bin/../lib/gcc/arm-none-eabi/7.3.1/../../../../arm-none-eabi/lib/thumb/v7e-m/fpv4-sp/hard\libc_nano.a(lib_a-nano-reallocr.o)
 .debug_frame   0x0000000000003058       0x2c d:/st/stm32cubeide_1.3.0/stm32cubeide/plugins/com.st.stm32cube.ide.mcu.externaltools.gnu-tools-for-stm32.7-2018-q2-update.win32_1.5.0.202011040924/tools/bin/../lib/gcc/arm-none-eabi/7.3.1/../../../../arm-none-eabi/lib/thumb/v7e-m/fpv4-sp/hard\libc_nano.a(lib_a-sbrkr.o)
 .debug_frame   0x0000000000003084       0x30 d:/st/stm32cubeide_1.3.0/stm32cubeide/plugins/com.st.stm32cube.ide.mcu.externaltools.gnu-tools-for-stm32.7-2018-q2-update.win32_1.5.0.202011040924/tools/bin/../lib/gcc/arm-none-eabi/7.3.1/../../../../arm-none-eabi/lib/thumb/v7e-m/fpv4-sp/hard\libc_nano.a(lib_a-mlock.o)
 .debug_frame   0x00000000000030b4       0x20 d:/st/stm32cubeide_1.3.0/stm32cubeide/plugins/com.st.stm32cube.ide.mcu.externaltools.gnu-tools-for-stm32.7-2018-q2-update.win32_1.5.0.202011040924/tools/bin/../lib/gcc/arm-none-eabi/7.3.1/../../../../arm-none-eabi/lib/thumb/v7e-m/fpv4-sp/hard\libc_nano.a(lib_a-nano-msizer.o)
 .debug_frame   0x00000000000030d4       0x5c d:/st/stm32cubeide_1.3.0/stm32cubeide/plugins/com.st.stm32cube.ide.mcu.externaltools.gnu-tools-for-stm32.7-2018-q2-update.win32_1.5.0.202011040924/tools/bin/../lib/gcc/arm-none-eabi/7.3.1/../../../../arm-none-eabi/lib/thumb/v7e-m/fpv4-sp/hard\libc_nano.a(lib_a-reent.o)
 .debug_frame   0x0000000000003130       0x20 d:/st/stm32cubeide_1.3.0/stm32cubeide/plugins/com.st.stm32cube.ide.mcu.externaltools.gnu-tools-for-stm32.7-2018-q2-update.win32_1.5.0.202011040924/tools/bin/../lib/gcc/arm-none-eabi/7.3.1/../../../../arm-none-eabi/lib/thumb/v7e-m/fpv4-sp/hard\libnosys.a(sbrk.o)
